Archive member included to satisfy reference by file (symbol)

C:/ST/STM32CubeIDE_1.18.0/STM32CubeIDE/plugins/com.st.stm32cube.ide.mcu.externaltools.gnu-tools-for-stm32.13.3.rel1.win32_1.0.0.202411081344/tools/bin/../lib/gcc/arm-none-eabi/13.3.1/../../../../arm-none-eabi/lib/thumb/v7e-m+fp/hard\libc_nano.a(libc_a-atof.o)
                              ./Core/Src/ihm.o (atof)
C:/ST/STM32CubeIDE_1.18.0/STM32CubeIDE/plugins/com.st.stm32cube.ide.mcu.externaltools.gnu-tools-for-stm32.13.3.rel1.win32_1.0.0.202411081344/tools/bin/../lib/gcc/arm-none-eabi/13.3.1/../../../../arm-none-eabi/lib/thumb/v7e-m+fp/hard\libc_nano.a(libc_a-atoi.o)
                              ./Core/Src/ihm.o (atoi)
C:/ST/STM32CubeIDE_1.18.0/STM32CubeIDE/plugins/com.st.stm32cube.ide.mcu.externaltools.gnu-tools-for-stm32.13.3.rel1.win32_1.0.0.202411081344/tools/bin/../lib/gcc/arm-none-eabi/13.3.1/../../../../arm-none-eabi/lib/thumb/v7e-m+fp/hard\libc_nano.a(libc_a-atol.o)
                              ./Core/orbit.o (atol)
C:/ST/STM32CubeIDE_1.18.0/STM32CubeIDE/plugins/com.st.stm32cube.ide.mcu.externaltools.gnu-tools-for-stm32.13.3.rel1.win32_1.0.0.202411081344/tools/bin/../lib/gcc/arm-none-eabi/13.3.1/../../../../arm-none-eabi/lib/thumb/v7e-m+fp/hard\libc_nano.a(libc_a-exit.o)
                              C:/ST/STM32CubeIDE_1.18.0/STM32CubeIDE/plugins/com.st.stm32cube.ide.mcu.externaltools.gnu-tools-for-stm32.13.3.rel1.win32_1.0.0.202411081344/tools/bin/../lib/gcc/arm-none-eabi/13.3.1/../../../../arm-none-eabi/lib/thumb/v7e-m+fp/hard/crt0.o (exit)
C:/ST/STM32CubeIDE_1.18.0/STM32CubeIDE/plugins/com.st.stm32cube.ide.mcu.externaltools.gnu-tools-for-stm32.13.3.rel1.win32_1.0.0.202411081344/tools/bin/../lib/gcc/arm-none-eabi/13.3.1/../../../../arm-none-eabi/lib/thumb/v7e-m+fp/hard\libc_nano.a(libc_a-malloc.o)
                              ./Core/observer.o (malloc)
C:/ST/STM32CubeIDE_1.18.0/STM32CubeIDE/plugins/com.st.stm32cube.ide.mcu.externaltools.gnu-tools-for-stm32.13.3.rel1.win32_1.0.0.202411081344/tools/bin/../lib/gcc/arm-none-eabi/13.3.1/../../../../arm-none-eabi/lib/thumb/v7e-m+fp/hard\libc_nano.a(libc_a-mallocr.o)
                              C:/ST/STM32CubeIDE_1.18.0/STM32CubeIDE/plugins/com.st.stm32cube.ide.mcu.externaltools.gnu-tools-for-stm32.13.3.rel1.win32_1.0.0.202411081344/tools/bin/../lib/gcc/arm-none-eabi/13.3.1/../../../../arm-none-eabi/lib/thumb/v7e-m+fp/hard\libc_nano.a(libc_a-malloc.o) (_malloc_r)
C:/ST/STM32CubeIDE_1.18.0/STM32CubeIDE/plugins/com.st.stm32cube.ide.mcu.externaltools.gnu-tools-for-stm32.13.3.rel1.win32_1.0.0.202411081344/tools/bin/../lib/gcc/arm-none-eabi/13.3.1/../../../../arm-none-eabi/lib/thumb/v7e-m+fp/hard\libc_nano.a(libc_a-mlock.o)
                              C:/ST/STM32CubeIDE_1.18.0/STM32CubeIDE/plugins/com.st.stm32cube.ide.mcu.externaltools.gnu-tools-for-stm32.13.3.rel1.win32_1.0.0.202411081344/tools/bin/../lib/gcc/arm-none-eabi/13.3.1/../../../../arm-none-eabi/lib/thumb/v7e-m+fp/hard\libc_nano.a(libc_a-mallocr.o) (__malloc_lock)
C:/ST/STM32CubeIDE_1.18.0/STM32CubeIDE/plugins/com.st.stm32cube.ide.mcu.externaltools.gnu-tools-for-stm32.13.3.rel1.win32_1.0.0.202411081344/tools/bin/../lib/gcc/arm-none-eabi/13.3.1/../../../../arm-none-eabi/lib/thumb/v7e-m+fp/hard\libc_nano.a(libc_a-strtod.o)
                              C:/ST/STM32CubeIDE_1.18.0/STM32CubeIDE/plugins/com.st.stm32cube.ide.mcu.externaltools.gnu-tools-for-stm32.13.3.rel1.win32_1.0.0.202411081344/tools/bin/../lib/gcc/arm-none-eabi/13.3.1/../../../../arm-none-eabi/lib/thumb/v7e-m+fp/hard\libc_nano.a(libc_a-atof.o) (strtod)
C:/ST/STM32CubeIDE_1.18.0/STM32CubeIDE/plugins/com.st.stm32cube.ide.mcu.externaltools.gnu-tools-for-stm32.13.3.rel1.win32_1.0.0.202411081344/tools/bin/../lib/gcc/arm-none-eabi/13.3.1/../../../../arm-none-eabi/lib/thumb/v7e-m+fp/hard\libc_nano.a(libc_a-strtol.o)
                              C:/ST/STM32CubeIDE_1.18.0/STM32CubeIDE/plugins/com.st.stm32cube.ide.mcu.externaltools.gnu-tools-for-stm32.13.3.rel1.win32_1.0.0.202411081344/tools/bin/../lib/gcc/arm-none-eabi/13.3.1/../../../../arm-none-eabi/lib/thumb/v7e-m+fp/hard\libc_nano.a(libc_a-atoi.o) (_strtol_r)
C:/ST/STM32CubeIDE_1.18.0/STM32CubeIDE/plugins/com.st.stm32cube.ide.mcu.externaltools.gnu-tools-for-stm32.13.3.rel1.win32_1.0.0.202411081344/tools/bin/../lib/gcc/arm-none-eabi/13.3.1/../../../../arm-none-eabi/lib/thumb/v7e-m+fp/hard\libc_nano.a(libc_a-ctype_.o)
                              ./Core/Src/ihm.o (_ctype_)
C:/ST/STM32CubeIDE_1.18.0/STM32CubeIDE/plugins/com.st.stm32cube.ide.mcu.externaltools.gnu-tools-for-stm32.13.3.rel1.win32_1.0.0.202411081344/tools/bin/../lib/gcc/arm-none-eabi/13.3.1/../../../../arm-none-eabi/lib/thumb/v7e-m+fp/hard\libc_nano.a(libc_a-nano-vfprintf_float.o)
                              (_printf_float)
[...]
Memory Configuration

Name             Origin             Length             Attributes
RAM              0x20000000         0x00018000         xrw
RAM2             0x10000000         0x00008000         xrw
FLASH            0x08000000         0x00100000         xr
*default*        0x00000000         0xffffffff

Linker script and memory map

LOAD C:/ST/STM32CubeIDE_1.18.0/STM32CubeIDE/plugins/com.st.stm32cube.ide.mcu.externaltools.gnu-tools-for-stm32.13.3.rel1.win32_1.0.0.202411081344/tools/bin/../lib/gcc/arm-none-eabi/13.3.1/thumb/v7e-m+fp/hard/crti.o
LOAD C:/ST/STM32CubeIDE_1.18.0/STM32CubeIDE/plugins/com.st.stm32cube.ide.mcu.externaltools.gnu-tools-for-stm32.13.3.rel1.win32_1.0.0.202411081344/tools/bin/../lib/gcc/arm-none-eabi/13.3.1/thumb/v7e-m+fp/hard/crtbegin.o
LOAD C:/ST/STM32CubeIDE_1.18.0/STM32CubeIDE/plugins/com.st.stm32cube.ide.mcu.externaltools.gnu-tools-for-stm32.13.3.rel1.win32_1.0.0.202411081344/tools/bin/../lib/gcc/arm-none-eabi/13.3.1/../../../../arm-none-eabi/lib/thumb/v7e-m+fp/hard/crt0.o
LOAD ./Core/Src/SatellitePredict.o
LOAD ./Core/Src/freertos.o
LOAD ./Core/Src/gettimeofday.o
LOAD ./Core/Src/gpio.o
LOAD ./Core/Src/gps.o
LOAD ./Core/Src/ihm.o
LOAD ./Core/Src/main.o
LOAD ./Core/Src/mygps.o
LOAD ./Core/Src/rtc.o
LOAD ./Core/Src/stm32l4xx_hal_msp.o
LOAD ./Core/Src/stm32l4xx_hal_timebase_tim.o
LOAD ./Core/Src/stm32l4xx_it.o
LOAD ./Core/Src/syscalls.o
LOAD ./Core/Src/sysmem.o
LOAD ./Core/Src/system_stm32l4xx.o
LOAD ./Core/Src/usart.o
LOAD ./Core/Startup/startup_stm32l476rgtx.o
LOAD ./Core/julian_date.o
LOAD ./Core/moon.o
LOAD ./Core/observer.o
LOAD ./Core/orbit.o
LOAD ./Core/refraction.o
LOAD ./Core/sdp4.o
LOAD ./Core/sgp4.o
LOAD ./Core/sun.o
LOAD ./Core/unsorted.o
LOAD ./Drivers/STM32L4xx_HAL_Driver/Src/stm32l4xx_hal.o
LOAD ./Drivers/STM32L4xx_HAL_Driver/Src/stm32l4xx_hal_cortex.o
LOAD ./Drivers/STM32L4xx_HAL_Driver/Src/stm32l4xx_hal_dma.o
LOAD ./Drivers/STM32L4xx_HAL_Driver/Src/stm32l4xx_hal_dma_ex.o
LOAD ./Drivers/STM32L4xx_HAL_Driver/Src/stm32l4xx_hal_exti.o
LOAD ./Drivers/STM32L4xx_HAL_Driver/Src/stm32l4xx_hal_flash.o
LOAD ./Drivers/STM32L4xx_HAL_Driver/Src/stm32l4xx_hal_flash_ex.o
LOAD ./Drivers/STM32L4xx_HAL_Driver/Src/stm32l4xx_hal_flash_ramfunc.o
LOAD ./Drivers/STM32L4xx_HAL_Driver/Src/stm32l4xx_hal_gpio.o
LOAD ./Drivers/STM32L4xx_HAL_Driver/Src/stm32l4xx_hal_i2c.o
LOAD ./Drivers/STM32L4xx_HAL_Driver/Src/stm32l4xx_hal_i2c_ex.o
LOAD ./Drivers/STM32L4xx_HAL_Driver/Src/stm32l4xx_hal_pwr.o
LOAD ./Drivers/STM32L4xx_HAL_Driver/Src/stm32l4xx_hal_pwr_ex.o
LOAD ./Drivers/STM32L4xx_HAL_Driver/Src/stm32l4xx_hal_rcc.o
LOAD ./Drivers/STM32L4xx_HAL_Driver/Src/stm32l4xx_hal_rcc_ex.o
LOAD ./Drivers/STM32L4xx_HAL_Driver/Src/stm32l4xx_hal_rtc.o
LOAD ./Drivers/STM32L4xx_HAL_Driver/Src/stm32l4xx_hal_rtc_ex.o
LOAD ./Drivers/STM32L4xx_HAL_Driver/Src/stm32l4xx_hal_tim.o
LOAD ./Drivers/STM32L4xx_HAL_Driver/Src/stm32l4xx_hal_tim_ex.o
LOAD ./Drivers/STM32L4xx_HAL_Driver/Src/stm32l4xx_hal_uart.o
LOAD ./Drivers/STM32L4xx_HAL_Driver/Src/stm32l4xx_hal_uart_ex.o
LOAD ./Middlewares/Third_Party/FreeRTOS/Source/CMSIS_RTOS/cmsis_os.o
LOAD ./Middlewares/Third_Party/FreeRTOS/Source/croutine.o
LOAD ./Middlewares/Third_Party/FreeRTOS/Source/event_groups.o
LOAD ./Middlewares/Third_Party/FreeRTOS/Source/list.o
LOAD ./Middlewares/Third_Party/FreeRTOS/Source/queue.o
LOAD ./Middlewares/Third_Party/FreeRTOS/Source/stream_buffer.o
LOAD ./Middlewares/Third_Party/FreeRTOS/Source/tasks.o
LOAD ./Middlewares/Third_Party/FreeRTOS/Source/timers.o
LOAD ./Middlewares/Third_Party/FreeRTOS/Source/portable/GCC/ARM_CM4F/port.o
LOAD ./Middlewares/Third_Party/FreeRTOS/Source/portable/MemMang/heap_4.o
START GROUP
LOAD C:/ST/STM32CubeIDE_1.18.0/STM32CubeIDE/plugins/com.st.stm32cube.ide.mcu.externaltools.gnu-tools-for-stm32.13.3.rel1.win32_1.0.0.202411081344/tools/bin/../lib/gcc/arm-none-eabi/13.3.1/../../../../arm-none-eabi/lib/thumb/v7e-m+fp/hard\libc_nano.a
LOAD C:/ST/STM32CubeIDE_1.18.0/STM32CubeIDE/plugins/com.st.stm32cube.ide.mcu.externaltools.gnu-tools-for-stm32.13.3.rel1.win32_1.0.0.202411081344/tools/bin/../lib/gcc/arm-none-eabi/13.3.1/../../../../arm-none-eabi/lib/thumb/v7e-m+fp/hard\libm.a
END GROUP
START GROUP
LOAD C:/ST/STM32CubeIDE_1.18.0/STM32CubeIDE/plugins/com.st.stm32cube.ide.mcu.externaltools.gnu-tools-for-stm32.13.3.rel1.win32_1.0.0.202411081344/tools/bin/../lib/gcc/arm-none-eabi/13.3.1/thumb/v7e-m+fp/hard\libgcc.a
LOAD C:/ST/STM32CubeIDE_1.18.0/STM32CubeIDE/plugins/com.st.stm32cube.ide.mcu.externaltools.gnu-tools-for-stm32.13.3.rel1.win32_1.0.0.202411081344/tools/bin/../lib/gcc/arm-none-eabi/13.3.1/../../../../arm-none-eabi/lib/thumb/v7e-m+fp/hard\libc_nano.a
END GROUP
START GROUP
LOAD C:/ST/STM32CubeIDE_1.18.0/STM32CubeIDE/plugins/com.st.stm32cube.ide.mcu.externaltools.gnu-tools-for-stm32.13.3.rel1.win32_1.0.0.202411081344/tools/bin/../lib/gcc/arm-none-eabi/13.3.1/thumb/v7e-m+fp/hard\libgcc.a
LOAD C:/ST/STM32CubeIDE_1.18.0/STM32CubeIDE/plugins/com.st.stm32cube.ide.mcu.externaltools.gnu-tools-for-stm32.13.3.rel1.win32_1.0.0.202411081344/tools/bin/../lib/gcc/arm-none-eabi/13.3.1/../../../../arm-none-eabi/lib/thumb/v7e-m+fp/hard\libc_nano.a
LOAD C:/ST/STM32CubeIDE_1.18.0/STM32CubeIDE/plugins/com.st.stm32cube.ide.mcu.externaltools.gnu-tools-for-stm32.13.3.rel1.win32_1.0.0.202411081344/tools/bin/../lib/gcc/arm-none-eabi/13.3.1/../../../../arm-none-eabi/lib/thumb/v7e-m+fp/hard\libnosys.a
END GROUP
START GROUP
LOAD C:/ST/STM32CubeIDE_1.18.0/STM32CubeIDE/plugins/com.st.stm32cube.ide.mcu.externaltools.gnu-tools-for-stm32.13.3.rel1.win32_1.0.0.202411081344/tools/bin/../lib/gcc/arm-none-eabi/13.3.1/thumb/v7e-m+fp/hard\libgcc.a
LOAD C:/ST/STM32CubeIDE_1.18.0/STM32CubeIDE/plugins/com.st.stm32cube.ide.mcu.externaltools.gnu-tools-for-stm32.13.3.rel1.win32_1.0.0.202411081344/tools/bin/../lib/gcc/arm-none-eabi/13.3.1/../../../../arm-none-eabi/lib/thumb/v7e-m+fp/hard\libc_nano.a
LOAD C:/ST/STM32CubeIDE_1.18.0/STM32CubeIDE/plugins/com.st.stm32cube.ide.mcu.externaltools.gnu-tools-for-stm32.13.3.rel1.win32_1.0.0.202411081344/tools/bin/../lib/gcc/arm-none-eabi/13.3.1/../../../../arm-none-eabi/lib/thumb/v7e-m+fp/hard\libnosys.a
END GROUP
LOAD C:/ST/STM32CubeIDE_1.18.0/STM32CubeIDE/plugins/com.st.stm32cube.ide.mcu.externaltools.gnu-tools-for-stm32.13.3.rel1.win32_1.0.0.202411081344/tools/bin/../lib/gcc/arm-none-eabi/13.3.1/thumb/v7e-m+fp/hard/crtend.o
LOAD C:/ST/STM32CubeIDE_1.18.0/STM32CubeIDE/plugins/com.st.stm32cube.ide.mcu.externaltools.gnu-tools-for-stm32.13.3.rel1.win32_1.0.0.202411081344/tools/bin/../lib/gcc/arm-none-eabi/13.3.1/thumb/v7e-m+fp/hard/crtn.o
                0x20018000                        _estack = (ORIGIN (RAM) + LENGTH (RAM))
                0x00000200                        _Min_Heap_Size = 0x200
                0x00000400                        _Min_Stack_Size = 0x400

.isr_vector     0x08000000      0x188
                0x08000000                        . = ALIGN (0x4)
 *(.isr_vector)
 .isr_vector    0x08000000      0x188 ./Core/Startup/startup_stm32l476rgtx.o
                0x08000000                g_pfnVectors
                0x08000188                        . = ALIGN (0x4)

.text           0x08000190    0x230a0
                0x08000190                        . = ALIGN (0x4)
 *(.text)
 .text          0x08000190       0x40 C:/ST/STM32CubeIDE_1.18.0/STM32CubeIDE/plugins/com.st.stm32cube.ide.mcu.externaltools.gnu-tools-for-stm32.13.3.rel1.win32_1.0.0.202411081344/tools/bin/../lib/gcc/arm-none-eabi/13.3.1/thumb/v7e-m+fp/hard/crtbegin.o
 .text          0x080001d0       0x14 C:/ST/STM32CubeIDE_1.18.0/STM32CubeIDE/plugins/com.st.stm32cube.ide.mcu.externaltools.gnu-tools-for-stm32.13.3.rel1.win32_1.0.0.202411081344/tools/bin/../lib/gcc/arm-none-eabi/13.3.1/../../../../arm-none-eabi/lib/thumb/v7e-m+fp/hard\libc_nano.a(libc_a-strcmp.o)
                0x080001d0                strcmp
 *fill*         0x080001e4        0xc 
 .text          0x080001f0       0xa0 C:/ST/STM32CubeIDE_1.18.0/STM32CubeIDE/plugins/com.st.stm32cube.ide.mcu.externaltools.gnu-tools-for-stm32.13.3.rel1.win32_1.0.0.202411081344/tools/bin/../lib/gcc/arm-none-eabi/13.3.1/../../../../arm-none-eabi/lib/thumb/v7e-m+fp/hard\libc_nano.a(libc_a-memchr.o)
                0x080001f0                memchr
 .text          0x08000290       0x10 C:/ST/STM32CubeIDE_1.18.0/STM32CubeIDE/plugins/com.st.stm32cube.ide.mcu.externaltools.gnu-tools-for-stm32.13.3.rel1.win32_1.0.0.202411081344/tools/bin/../lib/gcc/arm-none-eabi/13.3.1/../../../../arm-none-eabi/lib/thumb/v7e-m+fp/hard\libc_nano.a(libc_a-strlen.o)
                0x08000290                strlen
 .text          0x080002a0      0x378 C:/ST/STM32CubeIDE_1.18.0/STM32CubeIDE/plugins/com.st.stm32cube.ide.mcu.externaltools.gnu-tools-for-stm32.13.3.rel1.win32_1.0.0.202411081344/tools/bin/../lib/gcc/arm-none-eabi/13.3.1/thumb/v7e-m+fp/hard\libgcc.a(_arm_addsubdf3.o)
                0x080002a0                __aeabi_drsub
                0x080002a8                __aeabi_dsub
                0x080002a8                __subdf3
                0x080002ac                __aeabi_dadd
                0x080002ac                __adddf3
                0x08000524                __floatunsidf
                0x08000524                __aeabi_ui2d
                0x08000544                __floatsidf
                0x08000544                __aeabi_i2d
                0x08000568                __aeabi_f2d
                0x08000568                __extendsfdf2
                0x080005ac                __floatundidf
                0x080005ac                __aeabi_ul2d
                0x080005bc                __floatdidf
                0x080005bc                __aeabi_l2d
 .text          0x08000618      0x424 C:/ST/STM32CubeIDE_1.18.0/STM32CubeIDE/plugins/com.st.stm32cube.ide.mcu.externaltools.gnu-tools-for-stm32.13.3.rel1.win32_1.0.0.202411081344/tools/bin/../lib/gcc/arm-none-eabi/13.3.1/thumb/v7e-m+fp/hard\libgcc.a(_arm_muldivdf3.o)
                0x08000618                __aeabi_dmul
                0x08000618                __muldf3
                0x0800086c                __divdf3
                0x0800086c                __aeabi_ddiv
 .text          0x08000a3c      0x110 C:/ST/STM32CubeIDE_1.18.0/STM32CubeIDE/plugins/com.st.stm32cube.ide.mcu.externaltools.gnu-tools-for-stm32.13.3.rel1.win32_1.0.0.202411081344/tools/bin/../lib/gcc/arm-none-eabi/13.3.1/thumb/v7e-m+fp/hard\libgcc.a(_arm_cmpdf2.o)
                0x08000a3c                __gtdf2
                0x08000a3c                __gedf2
                0x08000a44                __ltdf2
                0x08000a44                __ledf2
                0x08000a4c                __nedf2
                0x08000a4c                __eqdf2
                0x08000a4c                __cmpdf2
                0x08000ac8                __aeabi_cdrcmple
                0x08000ad8                __aeabi_cdcmpeq
                0x08000ad8                __aeabi_cdcmple
                0x08000ae8                __aeabi_dcmpeq
                0x08000afc                __aeabi_dcmplt
                0x08000b10                __aeabi_dcmple
                0x08000b24                __aeabi_dcmpge
                0x08000b38                __aeabi_dcmpgt
 .text          0x08000b4c       0x2c C:/ST/STM32CubeIDE_1.18.0/STM32CubeIDE/plugins/com.st.stm32cube.ide.mcu.externaltools.gnu-tools-for-stm32.13.3.rel1.win32_1.0.0.202411081344/tools/bin/../lib/gcc/arm-none-eabi/13.3.1/thumb/v7e-m+fp/hard\libgcc.a(_arm_unorddf2.o)
                0x08000b4c                __unorddf2
                0x08000b4c                __aeabi_dcmpun
 .text          0x08000b78       0x50 C:/ST/STM32CubeIDE_1.18.0/STM32CubeIDE/plugins/com.st.stm32cube.ide.mcu.externaltools.gnu-tools-for-stm32.13.3.rel1.win32_1.0.0.202411081344/tools/bin/../lib/gcc/arm-none-eabi/13.3.1/thumb/v7e-m+fp/hard\libgcc.a(_arm_fixdfsi.o)
                0x08000b78                __aeabi_d2iz
                0x08000b78                __fixdfsi
 .text          0x08000bc8       0x40 C:/ST/STM32CubeIDE_1.18.0/STM32CubeIDE/plugins/com.st.stm32cube.ide.mcu.externaltools.gnu-tools-for-stm32.13.3.rel1.win32_1.0.0.202411081344/tools/bin/../lib/gcc/arm-none-eabi/13.3.1/thumb/v7e-m+fp/hard\libgcc.a(_arm_fixunsdfsi.o)
                0x08000bc8                __aeabi_d2uiz
                0x08000bc8                __fixunsdfsi
 .text          0x08000c08       0xa0 C:/ST/STM32CubeIDE_1.18.0/STM32CubeIDE/plugins/com.st.stm32cube.ide.mcu.externaltools.gnu-tools-for-stm32.13.3.rel1.win32_1.0.0.202411081344/tools/bin/../lib/gcc/arm-none-eabi/13.3.1/thumb/v7e-m+fp/hard\libgcc.a(_arm_truncdfsf2.o)
                0x08000c08                __truncdfsf2
                0x08000c08                __aeabi_d2f
 .text          0x08000ca8       0xa0 C:/ST/STM32CubeIDE_1.18.0/STM32CubeIDE/plugins/com.st.stm32cube.ide.mcu.externaltools.gnu-tools-for-stm32.13.3.rel1.win32_1.0.0.202411081344/tools/bin/../lib/gcc/arm-none-eabi/13.3.1/thumb/v7e-m+fp/hard\libgcc.a(_aeabi_ldivmod.o)
                0x08000ca8                __aeabi_ldivmod
 .text          0x08000d48       0x30 C:/ST/STM32CubeIDE_1.18.0/STM32CubeIDE/plugins/com.st.stm32cube.ide.mcu.externaltools.gnu-tools-for-stm32.13.3.rel1.win32_1.0.0.202411081344/tools/bin/../lib/gcc/arm-none-eabi/13.3.1/thumb/v7e-m+fp/hard\libgcc.a(_aeabi_uldivmod.o)
                0x08000d48                __aeabi_uldivmod
 .text          0x08000d78       0x30 C:/ST/STM32CubeIDE_1.18.0/STM32CubeIDE/plugins/com.st.stm32cube.ide.mcu.externaltools.gnu-tools-for-stm32.13.3.rel1.win32_1.0.0.202411081344/tools/bin/../lib/gcc/arm-none-eabi/13.3.1/thumb/v7e-m+fp/hard\libgcc.a(_fixdfdi.o)
                0x08000d78                __fixdfdi
                0x08000d78                __aeabi_d2lz
 .text          0x08000da8       0x3c C:/ST/STM32CubeIDE_1.18.0/STM32CubeIDE/plugins/com.st.stm32cube.ide.mcu.externaltools.gnu-tools-for-stm32.13.3.rel1.win32_1.0.0.202411081344/tools/bin/../lib/gcc/arm-none-eabi/13.3.1/thumb/v7e-m+fp/hard\libgcc.a(_fixunsdfdi.o)
                0x08000da8                __fixunsdfdi
                0x08000da8                __aeabi_d2ulz
 .text          0x08000de4      0x2f8 C:/ST/STM32CubeIDE_1.18.0/STM32CubeIDE/plugins/com.st.stm32cube.ide.mcu.externaltools.gnu-tools-for-stm32.13.3.rel1.win32_1.0.0.202411081344/tools/bin/../lib/gcc/arm-none-eabi/13.3.1/thumb/v7e-m+fp/hard\libgcc.a(_udivmoddi4.o)
                0x08000de4                __udivmoddi4
 .text          0x080010dc        0x4 C:/ST/STM32CubeIDE_1.18.0/STM32CubeIDE/plugins/com.st.stm32cube.ide.mcu.externaltools.gnu-tools-for-stm32.13.3.rel1.win32_1.0.0.202411081344/tools/bin/../lib/gcc/arm-none-eabi/13.3.1/thumb/v7e-m+fp/hard\libgcc.a(_dvmd_tls.o)
                0x080010dc                __aeabi_idiv0
                0x080010dc                __aeabi_ldiv0
 *(.text*)
 .text.Start_SatellitePrediction_Task
                0x080010e0      0x2b8 ./Core/Src/SatellitePredict.o
                0x080010e0                Start_SatellitePrediction_Task
 .text.rtc_to_time_t
                0x08001398       0xe4 ./Core/Src/SatellitePredict.o
                0x08001398                rtc_to_time_t
 *fill*         0x0800147c        0x4 
 .text.list_next_passes
                0x08001480      0x4f0 ./Core/Src/SatellitePredict.o
                0x08001480                list_next_passes
 .text.vApplicationGetIdleTaskMemory
                0x08001970       0x34 ./Core/Src/freertos.o
                0x08001970                vApplicationGetIdleTaskMemory
 .text.MX_FREERTOS_Init
                0x080019a4       0xc4 ./Core/Src/freertos.o
                0x080019a4                MX_FREERTOS_Init
 .text.StartDefaultTask
                0x08001a68       0x10 ./Core/Src/freertos.o
                0x08001a68                StartDefaultTask
 .text._gettimeofday
                0x08001a78       0x10 ./Core/Src/gettimeofday.o
                0x08001a78                _gettimeofday
 .text.MX_GPIO_Init
                0x08001a88       0xcc ./Core/Src/gpio.o
                0x08001a88                MX_GPIO_Init
 .text.GPS_Init
                0x08001b54       0x1c ./Core/Src/gps.o
                0x08001b54                GPS_Init
 .text.GPS_validate
                0x08001b70       0xc4 ./Core/Src/gps.o
                0x08001b70                GPS_validate
 .text.GPS_parse
                0x08001c34      0x1d0 ./Core/Src/gps.o
                0x08001c34                GPS_parse
 .text.GPS_nmea_to_dec
                0x08001e04       0x9c ./Core/Src/gps.o
                0x08001e04                GPS_nmea_to_dec
 .text.GPS_Nmea_time
                0x08001ea0      0x118 ./Core/Src/gps.o
                0x08001ea0                GPS_Nmea_time
 .text.GPS_Nmea_Date
                0x08001fb8       0xac ./Core/Src/gps.o
                0x08001fb8                GPS_Nmea_Date
 .text.UpperCase
                0x08002064       0x50 ./Core/Src/ihm.o
                0x08002064                UpperCase
 .text.Start_IHM_Task
                0x080020b4       0x84 ./Core/Src/ihm.o
                0x080020b4                Start_IHM_Task
 .text.HAL_UART_RxCpltCallback
                0x08002138      0x16c ./Core/Src/ihm.o
                0x08002138                HAL_UART_RxCpltCallback
 .text.MainMenu
                0x080022a4       0xac ./Core/Src/ihm.o
                0x080022a4                MainMenu
 .text.tokenization
                0x08002350       0x5c ./Core/Src/ihm.o
                0x08002350                tokenization
 .text.ParseCommand
                0x080023ac       0xf0 ./Core/Src/ihm.o
                0x080023ac                ParseCommand
 .text.LoraMenu
                0x0800249c       0xa0 ./Core/Src/ihm.o
                0x0800249c                LoraMenu
 .text.SetSF_f  0x0800253c       0x98 ./Core/Src/ihm.o
                0x0800253c                SetSF_f
 .text.GetSF_f  0x080025d4       0x54 ./Core/Src/ihm.o
                0x080025d4                GetSF_f
 .text.SetCR_f  0x08002628       0xcc ./Core/Src/ihm.o
                0x08002628                SetCR_f
 .text.GetCR_f  0x080026f4       0x54 ./Core/Src/ihm.o
                0x080026f4                GetCR_f
 .text.SetBW_f  0x08002748       0xcc ./Core/Src/ihm.o
                0x08002748                SetBW_f
 .text.GetBW_f  0x08002814       0x54 ./Core/Src/ihm.o
                0x08002814                GetBW_f
 .text.GPSMenu  0x08002868       0xa0 ./Core/Src/ihm.o
                0x08002868                GPSMenu
 .text.SetLocalTimeOffset_f
                0x08002908       0xa8 ./Core/Src/ihm.o
                0x08002908                SetLocalTimeOffset_f
 .text.GetLocalTimeOffset_f
                0x080029b0       0x54 ./Core/Src/ihm.o
                0x080029b0                GetLocalTimeOffset_f
 .text.GetAltGPS_f
                0x08002a04       0x54 ./Core/Src/ihm.o
                0x08002a04                GetAltGPS_f
 .text.GetLatGPS_f
                0x08002a58       0x54 ./Core/Src/ihm.o
                0x08002a58                GetLatGPS_f
 .text.GetLongGPS_f
                0x08002aac       0x54 ./Core/Src/ihm.o
                0x08002aac                GetLongGPS_f
 .text.GetTimeGPS_f
                0x08002b00       0x58 ./Core/Src/ihm.o
                0x08002b00                GetTimeGPS_f
 .text.SensorsMenu
                0x08002b58       0xa0 ./Core/Src/ihm.o
                0x08002b58                SensorsMenu
 .text.GetSoilTemp_f
                0x08002bf8       0x54 ./Core/Src/ihm.o
                0x08002bf8                GetSoilTemp_f
 .text.GetAirTemp_f
                0x08002c4c       0x54 ./Core/Src/ihm.o
                0x08002c4c                GetAirTemp_f
 .text.GetRelativeHumidity_f
                0x08002ca0       0x54 ./Core/Src/ihm.o
                0x08002ca0                GetRelativeHumidity_f
 .text.GetSoilHumidity_f
                0x08002cf4       0x54 ./Core/Src/ihm.o
                0x08002cf4                GetSoilHumidity_f
 .text.GetWindSpeed_f
                0x08002d48       0x54 ./Core/Src/ihm.o
                0x08002d48                GetWindSpeed_f
 .text.SetRadiation_f
                0x08002d9c       0xd8 ./Core/Src/ihm.o
                0x08002d9c                SetRadiation_f
 .text.GetRadiation_f
                0x08002e74       0x70 ./Core/Src/ihm.o
                0x08002e74                GetRadiation_f
 .text.SetKc_f  0x08002ee4       0xcc ./Core/Src/ihm.o
                0x08002ee4                SetKc_f
 .text.GetKc_f  0x08002fb0       0x70 ./Core/Src/ihm.o
                0x08002fb0                GetKc_f
 .text.SetKp_f  0x08003020       0xc8 ./Core/Src/ihm.o
                0x08003020                SetKp_f
 .text.GetKp_f  0x080030e8       0x70 ./Core/Src/ihm.o
                0x080030e8                GetKp_f
 .text.SetET0_f
                0x08003158       0xd0 ./Core/Src/ihm.o
                0x08003158                SetET0_f
 .text.GetET0_f
                0x08003228       0x70 ./Core/Src/ihm.o
                0x08003228                GetET0_f
 .text.SetETC_f
                0x08003298       0xd0 ./Core/Src/ihm.o
                0x08003298                SetETC_f
 .text.GetETC_f
                0x08003368       0x70 ./Core/Src/ihm.o
                0x08003368                GetETC_f
 .text.SetETCadj_f
                0x080033d8       0xd4 ./Core/Src/ihm.o
                0x080033d8                SetETCadj_f
 .text.GetETCadj_f
                0x080034ac       0x70 ./Core/Src/ihm.o
                0x080034ac                GetETCadj_f
 .text.GetAirPressure_f
                0x0800351c       0x70 ./Core/Src/ihm.o
                0x0800351c                GetAirPressure_f
 .text.SetHeigh_f
                0x0800358c       0xd4 ./Core/Src/ihm.o
                0x0800358c                SetHeigh_f
 .text.GetHeigh_f
                0x08003660       0x70 ./Core/Src/ihm.o
                0x08003660                GetHeigh_f
 .text.SysConfigMenu
                0x080036d0       0xa0 ./Core/Src/ihm.o
                0x080036d0                SysConfigMenu
 .text.Save_f   0x08003770      0x360 ./Core/Src/ihm.o
                0x08003770                Save_f
 .text.Restore_f
                0x08003ad0      0x28c ./Core/Src/ihm.o
                0x08003ad0                Restore_f
 .text.main     0x08003d5c       0x34 ./Core/Src/main.o
                0x08003d5c                main
 .text.SystemClock_Config
                0x08003d90       0xa6 ./Core/Src/main.o
                0x08003d90                SystemClock_Config
 *fill*         0x08003e36        0x2 
 .text.HAL_TIM_PeriodElapsedCallback
                0x08003e38       0x24 ./Core/Src/main.o
                0x08003e38                HAL_TIM_PeriodElapsedCallback
 .text.Error_Handler
                0x08003e5c        0xc ./Core/Src/main.o
                0x08003e5c                Error_Handler
 .text.Start_GPS_Task
                0x08003e68       0x84 ./Core/Src/mygps.o
                0x08003e68                Start_GPS_Task
 .text.GPS_UART_CallBack
                0x08003eec       0xcc ./Core/Src/mygps.o
                0x08003eec                GPS_UART_CallBack
 .text.Sentence_parse
                0x08003fb8       0x38 ./Core/Src/mygps.o
                0x08003fb8                Sentence_parse
 .text.GPS_GetFromRTC
                0x08003ff0       0x74 ./Core/Src/mygps.o
                0x08003ff0                GPS_GetFromRTC
 .text.RTC_SetFromGPS
                0x08004064       0x94 ./Core/Src/mygps.o
                0x08004064                RTC_SetFromGPS
 .text.MX_RTC_Init
                0x080040f8      0x120 ./Core/Src/rtc.o
                0x080040f8                MX_RTC_Init
 .text.HAL_RTC_MspInit
                0x08004218       0x64 ./Core/Src/rtc.o
                0x08004218                HAL_RTC_MspInit
 .text.HAL_MspInit
                0x0800427c       0x50 ./Core/Src/stm32l4xx_hal_msp.o
                0x0800427c                HAL_MspInit
 .text.HAL_InitTick
                0x080042cc       0xf4 ./Core/Src/stm32l4xx_hal_timebase_tim.o
                0x080042cc                HAL_InitTick
 .text.NMI_Handler
                0x080043c0        0x8 ./Core/Src/stm32l4xx_it.o
                0x080043c0                NMI_Handler
 .text.HardFault_Handler
                0x080043c8        0x8 ./Core/Src/stm32l4xx_it.o
                0x080043c8                HardFault_Handler
 .text.MemManage_Handler
                0x080043d0        0x8 ./Core/Src/stm32l4xx_it.o
                0x080043d0                MemManage_Handler
 .text.BusFault_Handler
                0x080043d8        0x8 ./Core/Src/stm32l4xx_it.o
                0x080043d8                BusFault_Handler
 .text.UsageFault_Handler
                0x080043e0        0x8 ./Core/Src/stm32l4xx_it.o
                0x080043e0                UsageFault_Handler
 .text.DebugMon_Handler
                0x080043e8        0xe ./Core/Src/stm32l4xx_it.o
                0x080043e8                DebugMon_Handler
 *fill*         0x080043f6        0x2 
 .text.USART1_IRQHandler
                0x080043f8       0x14 ./Core/Src/stm32l4xx_it.o
                0x080043f8                USART1_IRQHandler
 .text.USART2_IRQHandler
                0x0800440c       0x14 ./Core/Src/stm32l4xx_it.o
                0x0800440c                USART2_IRQHandler
 .text.TIM6_DAC_IRQHandler
                0x08004420       0x14 ./Core/Src/stm32l4xx_it.o
                0x08004420                TIM6_DAC_IRQHandler
 .text._getpid  0x08004434       0x10 ./Core/Src/syscalls.o
                0x08004434                _getpid
 .text._kill    0x08004444       0x20 ./Core/Src/syscalls.o
                0x08004444                _kill
 .text._exit    0x08004464       0x16 ./Core/Src/syscalls.o
                0x08004464                _exit
 .text._read    0x0800447a       0x3a ./Core/Src/syscalls.o
                0x0800447a                _read
 .text._write   0x080044b4       0x38 ./Core/Src/syscalls.o
                0x080044b4                _write
 .text._close   0x080044ec       0x18 ./Core/Src/syscalls.o
                0x080044ec                _close
 .text._fstat   0x08004504       0x20 ./Core/Src/syscalls.o
                0x08004504                _fstat
 .text._isatty  0x08004524       0x16 ./Core/Src/syscalls.o
                0x08004524                _isatty
 .text._lseek   0x0800453a       0x1a ./Core/Src/syscalls.o
                0x0800453a                _lseek
 .text._sbrk    0x08004554       0x6c ./Core/Src/sysmem.o
                0x08004554                _sbrk
 .text.SystemInit
                0x080045c0       0x24 ./Core/Src/system_stm32l4xx.o
                0x080045c0                SystemInit
 .text.MX_USART1_UART_Init
                0x080045e4       0x60 ./Core/Src/usart.o
                0x080045e4                MX_USART1_UART_Init
 .text.MX_USART2_UART_Init
                0x08004644       0x60 ./Core/Src/usart.o
                0x08004644                MX_USART2_UART_Init
 .text.HAL_UART_MspInit
                0x080046a4      0x164 ./Core/Src/usart.o
                0x080046a4                HAL_UART_MspInit
 .text.Reset_Handler
                0x08004808       0x50 ./Core/Startup/startup_stm32l476rgtx.o
                0x08004808                Reset_Handler
 .text.Default_Handler
                0x08004858        0x2 ./Core/Startup/startup_stm32l476rgtx.o
                0x08004858                RTC_Alarm_IRQHandler
                0x08004858                EXTI2_IRQHandler
                0x08004858                TIM8_TRG_COM_IRQHandler
                0x08004858                TIM8_CC_IRQHandler
                0x08004858                TIM1_CC_IRQHandler
                0x08004858                TSC_IRQHandler
                0x08004858                TAMP_STAMP_IRQHandler
                0x08004858                EXTI3_IRQHandler
                0x08004858                LPTIM2_IRQHandler
                0x08004858                DFSDM1_FLT1_IRQHandler
                0x08004858                I2C3_ER_IRQHandler
                0x08004858                DFSDM1_FLT2_IRQHandler
                0x08004858                EXTI0_IRQHandler
                0x08004858                I2C2_EV_IRQHandler
                0x08004858                CAN1_RX0_IRQHandler
                0x08004858                FPU_IRQHandler
                0x08004858                TIM1_UP_TIM16_IRQHandler
                0x08004858                ADC1_2_IRQHandler
                0x08004858                SPI1_IRQHandler
                0x08004858                TIM8_UP_IRQHandler
                0x08004858                DMA2_Channel2_IRQHandler
                0x08004858                DMA1_Channel4_IRQHandler
                0x08004858                SAI2_IRQHandler
                0x08004858                DFSDM1_FLT3_IRQHandler
                0x08004858                USART3_IRQHandler
                0x08004858                DMA1_Channel7_IRQHandler
                0x08004858                CAN1_RX1_IRQHandler
                0x08004858                LCD_IRQHandler
                0x08004858                UART5_IRQHandler
                0x08004858                ADC3_IRQHandler
                0x08004858                TIM4_IRQHandler
                0x08004858                DMA2_Channel1_IRQHandler
                0x08004858                QUADSPI_IRQHandler
                0x08004858                I2C1_EV_IRQHandler
                0x08004858                DMA1_Channel6_IRQHandler
                0x08004858                UART4_IRQHandler
                0x08004858                DMA2_Channel4_IRQHandler
                0x08004858                TIM3_IRQHandler
                0x08004858                RCC_IRQHandler
                0x08004858                DMA1_Channel1_IRQHandler
                0x08004858                Default_Handler
                0x08004858                DMA2_Channel7_IRQHandler
                0x08004858                EXTI15_10_IRQHandler
                0x08004858                TIM7_IRQHandler
                0x08004858                SDMMC1_IRQHandler
                0x08004858                TIM5_IRQHandler
                0x08004858                I2C3_EV_IRQHandler
                0x08004858                EXTI9_5_IRQHandler
                0x08004858                RTC_WKUP_IRQHandler
                0x08004858                PVD_PVM_IRQHandler
                0x08004858                SPI2_IRQHandler
                0x08004858                CAN1_TX_IRQHandler
                0x08004858                DMA2_Channel5_IRQHandler
                0x08004858                DMA1_Channel5_IRQHandler
                0x08004858                EXTI4_IRQHandler
                0x08004858                RNG_IRQHandler
                0x08004858                TIM1_TRG_COM_TIM17_IRQHandler
                0x08004858                DMA1_Channel3_IRQHandler
                0x08004858                COMP_IRQHandler
                0x08004858                WWDG_IRQHandler
                0x08004858                LPUART1_IRQHandler
                0x08004858                DMA2_Channel6_IRQHandler
                0x08004858                TIM2_IRQHandler
                0x08004858                EXTI1_IRQHandler
                0x08004858                DFSDM1_FLT0_IRQHandler
                0x08004858                I2C2_ER_IRQHandler
                0x08004858                DMA1_Channel2_IRQHandler
                0x08004858                TIM8_BRK_IRQHandler
                0x08004858                CAN1_SCE_IRQHandler
                0x08004858                FLASH_IRQHandler
                0x08004858                OTG_FS_IRQHandler
                0x08004858                SPI3_IRQHandler
                0x08004858                I2C1_ER_IRQHandler
                0x08004858                FMC_IRQHandler
                0x08004858                SWPMI1_IRQHandler
                0x08004858                LPTIM1_IRQHandler
                0x08004858                SAI1_IRQHandler
                0x08004858                DMA2_Channel3_IRQHandler
                0x08004858                TIM1_BRK_TIM15_IRQHandler
 .text.mktime_utc
                0x0800485a       0xd6 ./Core/julian_date.o
                0x0800485a                mktime_utc
 .text.get_julian_start_day
                0x08004930       0x38 ./Core/julian_date.o
                0x08004930                get_julian_start_day
 .text.predict_to_julian
                0x08004968       0x50 ./Core/julian_date.o
                0x08004968                predict_to_julian
 .text.predict_from_julian
                0x080049b8       0x88 ./Core/julian_date.o
                0x080049b8                predict_from_julian
 .text.predict_create_observer
                0x08004a40       0x64 ./Core/observer.o
                0x08004a40                predict_create_observer
 *fill*         0x08004aa4        0x4 
 .text.predict_observe_orbit
                0x08004aa8      0x118 ./Core/observer.o
                0x08004aa8                predict_observe_orbit
 .text.observer_calculate
                0x08004bc0      0x7dc ./Core/observer.o
                0x08004bc0                observer_calculate
 *fill*         0x0800539c        0x4 
 .text.predict_next_aos
                0x080053a0      0x3d0 ./Core/observer.o
                0x080053a0                predict_next_aos
 .text.step_pass
                0x08005770      0x194 ./Core/observer.o
                0x08005770                step_pass
 *fill*         0x08005904        0x4 
 .text.predict_next_los
                0x08005908      0x29c ./Core/observer.o
                0x08005908                predict_next_los
 *fill*         0x08005ba4        0x4 
 .text.predict_parse_tle
                0x08005ba8      0x650 ./Core/orbit.o
                0x08005ba8                predict_parse_tle
 .text.predict_destroy_orbital_elements
                0x080061f8       0x30 ./Core/orbit.o
                0x080061f8                predict_destroy_orbital_elements
 .text.predict_is_geosynchronous
                0x08006228       0xac ./Core/orbit.o
                0x08006228                predict_is_geosynchronous
 *fill*         0x080062d4        0x4 
 .text.predict_apogee
                0x080062d8       0xd0 ./Core/orbit.o
                0x080062d8                predict_apogee
 .text.predict_aos_happens
                0x080063a8      0x110 ./Core/orbit.o
                0x080063a8                predict_aos_happens
 .text.predict_orbit
                0x080064b8      0x3c8 ./Core/orbit.o
                0x080064b8                predict_orbit
 .text.predict_decayed
                0x08006880       0xbc ./Core/orbit.o
                0x08006880                predict_decayed
 *fill*         0x0800693c        0x4 
 .text.is_eclipsed
                0x08006940      0x158 ./Core/orbit.o
                0x08006940                is_eclipsed
 .text.sdp4_init
                0x08006a98      0xff8 ./Core/sdp4.o
                0x08006a98                sdp4_init
 .text.sdp4_predict
                0x08007a90     0x1128 ./Core/sdp4.o
                0x08007a90                sdp4_predict
 .text.ThetaG   0x08008bb8      0x2b4 ./Core/sdp4.o
                0x08008bb8                ThetaG
 *fill*         0x08008e6c        0x4 
 .text.sdp4_deep_initialize
                0x08008e70     0x4144 ./Core/sdp4.o
                0x08008e70                sdp4_deep_initialize
 *fill*         0x0800cfb4        0x4 
 .text.deep_arg_dynamic_init
                0x0800cfb8       0x60 ./Core/sdp4.o
                0x0800cfb8                deep_arg_dynamic_init
 .text.sdp4_deep
                0x0800d018     0x2070 ./Core/sdp4.o
                0x0800d018                sdp4_deep
 .text.sgp4_init
                0x0800f088     0x14e0 ./Core/sgp4.o
                0x0800f088                sgp4_init
 .text.sgp4_predict
                0x08010568     0x1300 ./Core/sgp4.o
                0x08010568                sgp4_predict
 .text.Delta_ET
                0x08011868       0xfc ./Core/sun.o
                0x08011868                Delta_ET
 *fill*         0x08011964        0x4 
 .text.Radians  0x08011968       0x4c ./Core/sun.o
                0x08011968                Radians
 *fill*         0x080119b4        0x4 
 .text.sun_predict
                0x080119b8      0x72c ./Core/sun.o
                0x080119b8                sun_predict
 *fill*         0x080120e4        0x4 
 .text.predict_observe_sun
                0x080120e8      0x158 ./Core/sun.o
                0x080120e8                predict_observe_sun
 .text.vec3_set
                0x08012240       0x46 ./Core/unsorted.o
                0x08012240                vec3_set
 .text.vec3_length
                0x08012286       0x92 ./Core/unsorted.o
                0x08012286                vec3_length
 .text.vec3_dot
                0x08012318       0x80 ./Core/unsorted.o
                0x08012318                vec3_dot
 .text.vec3_mul_scalar
                0x08012398       0x6a ./Core/unsorted.o
                0x08012398                vec3_mul_scalar
 .text.vec3_sub
                0x08012402       0x6e ./Core/unsorted.o
                0x08012402                vec3_sub
 .text.Sqr      0x08012470       0x2c ./Core/unsorted.o
                0x08012470                Sqr
 *fill*         0x0801249c        0x4 
 .text.FMod2p   0x080124a0       0x68 ./Core/unsorted.o
                0x080124a0                FMod2p
 .text.Convert_Sat_State
                0x08012508       0x40 ./Core/unsorted.o
                0x08012508                Convert_Sat_State
 .text.Julian_Date_of_Year
                0x08012548      0x100 ./Core/unsorted.o
                0x08012548                Julian_Date_of_Year
 .text.Julian_Date_of_Epoch
                0x08012648       0xdc ./Core/unsorted.o
                0x08012648                Julian_Date_of_Epoch
 *fill*         0x08012724        0x4 
 .text.ThetaG_JD
                0x08012728      0x19c ./Core/unsorted.o
                0x08012728                ThetaG_JD
 *fill*         0x080128c4        0x4 
 .text.Calculate_User_PosVel
                0x080128c8      0x254 ./Core/unsorted.o
                0x080128c8                Calculate_User_PosVel
 *fill*         0x08012b1c        0x4 
 .text.DayNum   0x08012b20      0x1c0 ./Core/unsorted.o
                0x08012b20                DayNum
 .text.Calculate_LatLonAlt
                0x08012ce0      0x2dc ./Core/unsorted.o
                0x08012ce0                Calculate_LatLonAlt
 *fill*         0x08012fbc        0x4 
 .text.Calculate_Obs
                0x08012fc0      0x320 ./Core/unsorted.o
                0x08012fc0                Calculate_Obs
 .text.SubString
                0x080132e0       0x86 ./Core/unsorted.o
                0x080132e0                SubString
 *fill*         0x08013366        0x2 
 .text.acos_    0x08013368       0x80 ./Core/unsorted.o
                0x08013368                acos_
 .text.asin_    0x080133e8       0x80 ./Core/unsorted.o
                0x080133e8                asin_
 .text.HAL_Init
                0x08013468       0x40 ./Drivers/STM32L4xx_HAL_Driver/Src/stm32l4xx_hal.o
                0x08013468                HAL_Init
 .text.HAL_IncTick
                0x080134a8       0x28 ./Drivers/STM32L4xx_HAL_Driver/Src/stm32l4xx_hal.o
                0x080134a8                HAL_IncTick
 .text.HAL_GetTick
                0x080134d0       0x18 ./Drivers/STM32L4xx_HAL_Driver/Src/stm32l4xx_hal.o
                0x080134d0                HAL_GetTick
 .text.__NVIC_SetPriorityGrouping
                0x080134e8       0x48 ./Drivers/STM32L4xx_HAL_Driver/Src/stm32l4xx_hal_cortex.o
 .text.__NVIC_GetPriorityGrouping
                0x08013530       0x1c ./Drivers/STM32L4xx_HAL_Driver/Src/stm32l4xx_hal_cortex.o
 .text.__NVIC_EnableIRQ
                0x0801354c       0x3c ./Drivers/STM32L4xx_HAL_Driver/Src/stm32l4xx_hal_cortex.o
 .text.__NVIC_SetPriority
                0x08013588       0x54 ./Drivers/STM32L4xx_HAL_Driver/Src/stm32l4xx_hal_cortex.o
 .text.NVIC_EncodePriority
                0x080135dc       0x66 ./Drivers/STM32L4xx_HAL_Driver/Src/stm32l4xx_hal_cortex.o
 .text.HAL_NVIC_SetPriorityGrouping
                0x08013642       0x16 ./Drivers/STM32L4xx_HAL_Driver/Src/stm32l4xx_hal_cortex.o
                0x08013642                HAL_NVIC_SetPriorityGrouping
 .text.HAL_NVIC_SetPriority
                0x08013658       0x38 ./Drivers/STM32L4xx_HAL_Driver/Src/stm32l4xx_hal_cortex.o
                0x08013658                HAL_NVIC_SetPriority
 .text.HAL_NVIC_EnableIRQ
                0x08013690       0x1c ./Drivers/STM32L4xx_HAL_Driver/Src/stm32l4xx_hal_cortex.o
                0x08013690                HAL_NVIC_EnableIRQ
 .text.HAL_DMA_Abort
                0x080136ac       0x7c ./Drivers/STM32L4xx_HAL_Driver/Src/stm32l4xx_hal_dma.o
                0x080136ac                HAL_DMA_Abort
 .text.HAL_DMA_Abort_IT
                0x08013728       0x82 ./Drivers/STM32L4xx_HAL_Driver/Src/stm32l4xx_hal_dma.o
                0x08013728                HAL_DMA_Abort_IT
 *fill*         0x080137aa        0x2 
 .text.HAL_GPIO_Init
                0x080137ac      0x354 ./Drivers/STM32L4xx_HAL_Driver/Src/stm32l4xx_hal_gpio.o
                0x080137ac                HAL_GPIO_Init
 .text.HAL_GPIO_WritePin
                0x08013b00       0x30 ./Drivers/STM32L4xx_HAL_Driver/Src/stm32l4xx_hal_gpio.o
                0x08013b00                HAL_GPIO_WritePin
 .text.HAL_PWREx_GetVoltageRange
                0x08013b30       0x1c ./Drivers/STM32L4xx_HAL_Driver/Src/stm32l4xx_hal_pwr_ex.o
                0x08013b30                HAL_PWREx_GetVoltageRange
 .text.HAL_PWREx_ControlVoltageScaling
                0x08013b4c       0xac ./Drivers/STM32L4xx_HAL_Driver/Src/stm32l4xx_hal_pwr_ex.o
                0x08013b4c                HAL_PWREx_ControlVoltageScaling
 .text.HAL_RCC_OscConfig
                0x08013bf8      0x7b8 ./Drivers/STM32L4xx_HAL_Driver/Src/stm32l4xx_hal_rcc.o
                0x08013bf8                HAL_RCC_OscConfig
 .text.HAL_RCC_ClockConfig
                0x080143b0      0x200 ./Drivers/STM32L4xx_HAL_Driver/Src/stm32l4xx_hal_rcc.o
                0x080143b0                HAL_RCC_ClockConfig
 .text.HAL_RCC_GetSysClockFreq
                0x080145b0      0x118 ./Drivers/STM32L4xx_HAL_Driver/Src/stm32l4xx_hal_rcc.o
                0x080145b0                HAL_RCC_GetSysClockFreq
 .text.HAL_RCC_GetHCLKFreq
                0x080146c8       0x18 ./Drivers/STM32L4xx_HAL_Driver/Src/stm32l4xx_hal_rcc.o
                0x080146c8                HAL_RCC_GetHCLKFreq
 .text.HAL_RCC_GetPCLK1Freq
                0x080146e0       0x2c ./Drivers/STM32L4xx_HAL_Driver/Src/stm32l4xx_hal_rcc.o
                0x080146e0                HAL_RCC_GetPCLK1Freq
 .text.HAL_RCC_GetPCLK2Freq
                0x0801470c       0x2c ./Drivers/STM32L4xx_HAL_Driver/Src/stm32l4xx_hal_rcc.o
                0x0801470c                HAL_RCC_GetPCLK2Freq
 .text.HAL_RCC_GetClockConfig
                0x08014738       0x64 ./Drivers/STM32L4xx_HAL_Driver/Src/stm32l4xx_hal_rcc.o
                0x08014738                HAL_RCC_GetClockConfig
 .text.RCC_SetFlashLatencyFromMSIRange
                0x0801479c       0xc0 ./Drivers/STM32L4xx_HAL_Driver/Src/stm32l4xx_hal_rcc.o
 .text.HAL_RCCEx_PeriphCLKConfig
                0x0801485c      0x5d4 ./Drivers/STM32L4xx_HAL_Driver/Src/stm32l4xx_hal_rcc_ex.o
                0x0801485c                HAL_RCCEx_PeriphCLKConfig
 .text.RCCEx_PLLSAI1_Config
                0x08014e30      0x1e8 ./Drivers/STM32L4xx_HAL_Driver/Src/stm32l4xx_hal_rcc_ex.o
 .text.RCCEx_PLLSAI2_Config
                0x08015018      0x1bc ./Drivers/STM32L4xx_HAL_Driver/Src/stm32l4xx_hal_rcc_ex.o
 .text.HAL_RTC_Init
                0x080151d4      0x110 ./Drivers/STM32L4xx_HAL_Driver/Src/stm32l4xx_hal_rtc.o
                0x080151d4                HAL_RTC_Init
 .text.HAL_RTC_SetTime
                0x080152e4      0x13a ./Drivers/STM32L4xx_HAL_Driver/Src/stm32l4xx_hal_rtc.o
                0x080152e4                HAL_RTC_SetTime
 .text.HAL_RTC_GetTime
                0x0801541e       0xb8 ./Drivers/STM32L4xx_HAL_Driver/Src/stm32l4xx_hal_rtc.o
                0x0801541e                HAL_RTC_GetTime
 .text.HAL_RTC_SetDate
                0x080154d6      0x10e ./Drivers/STM32L4xx_HAL_Driver/Src/stm32l4xx_hal_rtc.o
                0x080154d6                HAL_RTC_SetDate
 .text.HAL_RTC_GetDate
                0x080155e4       0x9a ./Drivers/STM32L4xx_HAL_Driver/Src/stm32l4xx_hal_rtc.o
                0x080155e4                HAL_RTC_GetDate
 .text.HAL_RTC_SetAlarm
                0x0801567e      0x25a ./Drivers/STM32L4xx_HAL_Driver/Src/stm32l4xx_hal_rtc.o
                0x0801567e                HAL_RTC_SetAlarm
 .text.HAL_RTC_WaitForSynchro
                0x080158d8       0x48 ./Drivers/STM32L4xx_HAL_Driver/Src/stm32l4xx_hal_rtc.o
                0x080158d8                HAL_RTC_WaitForSynchro
 .text.RTC_EnterInitMode
                0x08015920       0x66 ./Drivers/STM32L4xx_HAL_Driver/Src/stm32l4xx_hal_rtc.o
                0x08015920                RTC_EnterInitMode
 *fill*         0x08015986        0x2 
 .text.RTC_ExitInitMode
                0x08015988       0x7c ./Drivers/STM32L4xx_HAL_Driver/Src/stm32l4xx_hal_rtc.o
                0x08015988                RTC_ExitInitMode
 .text.RTC_ByteToBcd2
                0x08015a04       0x40 ./Drivers/STM32L4xx_HAL_Driver/Src/stm32l4xx_hal_rtc.o
                0x08015a04                RTC_ByteToBcd2
 .text.RTC_Bcd2ToByte
                0x08015a44       0x34 ./Drivers/STM32L4xx_HAL_Driver/Src/stm32l4xx_hal_rtc.o
                0x08015a44                RTC_Bcd2ToByte
 .text.HAL_TIM_Base_Init
                0x08015a78       0xae ./Drivers/STM32L4xx_HAL_Driver/Src/stm32l4xx_hal_tim.o
                0x08015a78                HAL_TIM_Base_Init
 .text.HAL_TIM_Base_MspInit
                0x08015b26       0x14 ./Drivers/STM32L4xx_HAL_Driver/Src/stm32l4xx_hal_tim.o
                0x08015b26                HAL_TIM_Base_MspInit
 *fill*         0x08015b3a        0x2 
 .text.HAL_TIM_Base_Start_IT
                0x08015b3c       0xe0 ./Drivers/STM32L4xx_HAL_Driver/Src/stm32l4xx_hal_tim.o
                0x08015b3c                HAL_TIM_Base_Start_IT
 .text.HAL_TIM_IRQHandler
                0x08015c1c      0x20e ./Drivers/STM32L4xx_HAL_Driver/Src/stm32l4xx_hal_tim.o
                0x08015c1c                HAL_TIM_IRQHandler
 .text.HAL_TIM_OC_DelayElapsedCallback
                0x08015e2a       0x14 ./Drivers/STM32L4xx_HAL_Driver/Src/stm32l4xx_hal_tim.o
                0x08015e2a                HAL_TIM_OC_DelayElapsedCallback
 .text.HAL_TIM_IC_CaptureCallback
                0x08015e3e       0x14 ./Drivers/STM32L4xx_HAL_Driver/Src/stm32l4xx_hal_tim.o
                0x08015e3e                HAL_TIM_IC_CaptureCallback
 .text.HAL_TIM_PWM_PulseFinishedCallback
                0x08015e52       0x14 ./Drivers/STM32L4xx_HAL_Driver/Src/stm32l4xx_hal_tim.o
                0x08015e52                HAL_TIM_PWM_PulseFinishedCallback
 .text.HAL_TIM_TriggerCallback
                0x08015e66       0x14 ./Drivers/STM32L4xx_HAL_Driver/Src/stm32l4xx_hal_tim.o
                0x08015e66                HAL_TIM_TriggerCallback
 *fill*         0x08015e7a        0x2 
 .text.TIM_Base_SetConfig
                0x08015e7c      0x14c ./Drivers/STM32L4xx_HAL_Driver/Src/stm32l4xx_hal_tim.o
                0x08015e7c                TIM_Base_SetConfig
 .text.HAL_TIMEx_CommutCallback
                0x08015fc8       0x14 ./Drivers/STM32L4xx_HAL_Driver/Src/stm32l4xx_hal_tim_ex.o
                0x08015fc8                HAL_TIMEx_CommutCallback
 .text.HAL_TIMEx_BreakCallback
                0x08015fdc       0x14 ./Drivers/STM32L4xx_HAL_Driver/Src/stm32l4xx_hal_tim_ex.o
                0x08015fdc                HAL_TIMEx_BreakCallback
 .text.HAL_TIMEx_Break2Callback
                0x08015ff0       0x14 ./Drivers/STM32L4xx_HAL_Driver/Src/stm32l4xx_hal_tim_ex.o
                0x08015ff0                HAL_TIMEx_Break2Callback
 .text.HAL_UART_Init
                0x08016004       0x9c ./Drivers/STM32L4xx_HAL_Driver/Src/stm32l4xx_hal_uart.o
                0x08016004                HAL_UART_Init
 .text.HAL_UART_Transmit
                0x080160a0      0x112 ./Drivers/STM32L4xx_HAL_Driver/Src/stm32l4xx_hal_uart.o
                0x080160a0                HAL_UART_Transmit
 *fill*         0x080161b2        0x2 
 .text.HAL_UART_Receive_IT
                0x080161b4       0x98 ./Drivers/STM32L4xx_HAL_Driver/Src/stm32l4xx_hal_uart.o
                0x080161b4                HAL_UART_Receive_IT
 .text.HAL_UART_IRQHandler
                0x0801624c      0x60c ./Drivers/STM32L4xx_HAL_Driver/Src/stm32l4xx_hal_uart.o
                0x0801624c                HAL_UART_IRQHandler
 .text.HAL_UART_TxCpltCallback
                0x08016858       0x14 ./Drivers/STM32L4xx_HAL_Driver/Src/stm32l4xx_hal_uart.o
                0x08016858                HAL_UART_TxCpltCallback
 .text.HAL_UART_ErrorCallback
                0x0801686c       0x14 ./Drivers/STM32L4xx_HAL_Driver/Src/stm32l4xx_hal_uart.o
                0x0801686c                HAL_UART_ErrorCallback
 .text.HAL_UARTEx_RxEventCallback
                0x08016880       0x18 ./Drivers/STM32L4xx_HAL_Driver/Src/stm32l4xx_hal_uart.o
                0x08016880                HAL_UARTEx_RxEventCallback
 .text.UART_SetConfig
                0x08016898      0x570 ./Drivers/STM32L4xx_HAL_Driver/Src/stm32l4xx_hal_uart.o
                0x08016898                UART_SetConfig
 .text.UART_AdvFeatureConfig
                0x08016e08      0x144 ./Drivers/STM32L4xx_HAL_Driver/Src/stm32l4xx_hal_uart.o
                0x08016e08                UART_AdvFeatureConfig
 .text.UART_CheckIdleState
                0x08016f4c      0x150 ./Drivers/STM32L4xx_HAL_Driver/Src/stm32l4xx_hal_uart.o
                0x08016f4c                UART_CheckIdleState
 .text.UART_WaitOnFlagUntilTimeout
                0x0801709c       0xda ./Drivers/STM32L4xx_HAL_Driver/Src/stm32l4xx_hal_uart.o
                0x0801709c                UART_WaitOnFlagUntilTimeout
 *fill*         0x08017176        0x2 
 .text.UART_Start_Receive_IT
                0x08017178      0x18c ./Drivers/STM32L4xx_HAL_Driver/Src/stm32l4xx_hal_uart.o
                0x08017178                UART_Start_Receive_IT
 .text.UART_EndRxTransfer
                0x08017304       0xc8 ./Drivers/STM32L4xx_HAL_Driver/Src/stm32l4xx_hal_uart.o
 .text.UART_DMAAbortOnError
                0x080173cc       0x2c ./Drivers/STM32L4xx_HAL_Driver/Src/stm32l4xx_hal_uart.o
 .text.UART_EndTransmit_IT
                0x080173f8       0x54 ./Drivers/STM32L4xx_HAL_Driver/Src/stm32l4xx_hal_uart.o
 .text.UART_RxISR_8BIT
                0x0801744c      0x1bc ./Drivers/STM32L4xx_HAL_Driver/Src/stm32l4xx_hal_uart.o
 .text.UART_RxISR_16BIT
                0x08017608      0x1bc ./Drivers/STM32L4xx_HAL_Driver/Src/stm32l4xx_hal_uart.o
 .text.HAL_UARTEx_WakeupCallback
                0x080177c4       0x14 ./Drivers/STM32L4xx_HAL_Driver/Src/stm32l4xx_hal_uart_ex.o
                0x080177c4                HAL_UARTEx_WakeupCallback
 .text.makeFreeRtosPriority
                0x080177d8       0x30 ./Middlewares/Third_Party/FreeRTOS/Source/CMSIS_RTOS/cmsis_os.o
 .text.osKernelStart
                0x08017808        0xe ./Middlewares/Third_Party/FreeRTOS/Source/CMSIS_RTOS/cmsis_os.o
                0x08017808                osKernelStart
 .text.osThreadCreate
                0x08017816       0x98 ./Middlewares/Third_Party/FreeRTOS/Source/CMSIS_RTOS/cmsis_os.o
                0x08017816                osThreadCreate
 .text.osDelay  0x080178ae       0x28 ./Middlewares/Third_Party/FreeRTOS/Source/CMSIS_RTOS/cmsis_os.o
                0x080178ae                osDelay
 .text.vListInitialise
                0x080178d6       0x40 ./Middlewares/Third_Party/FreeRTOS/Source/list.o
                0x080178d6                vListInitialise
 .text.vListInitialiseItem
                0x08017916       0x1a ./Middlewares/Third_Party/FreeRTOS/Source/list.o
                0x08017916                vListInitialiseItem
 .text.vListInsertEnd
                0x08017930       0x48 ./Middlewares/Third_Party/FreeRTOS/Source/list.o
                0x08017930                vListInsertEnd
 .text.vListInsert
                0x08017978       0x72 ./Middlewares/Third_Party/FreeRTOS/Source/list.o
                0x08017978                vListInsert
 .text.uxListRemove
                0x080179ea       0x54 ./Middlewares/Third_Party/FreeRTOS/Source/list.o
                0x080179ea                uxListRemove
 .text.xStreamBufferGenericCreate
                0x08017a3e       0xbc ./Middlewares/Third_Party/FreeRTOS/Source/stream_buffer.o
                0x08017a3e                xStreamBufferGenericCreate
 .text.xStreamBufferSpacesAvailable
                0x08017afa       0x68 ./Middlewares/Third_Party/FreeRTOS/Source/stream_buffer.o
                0x08017afa                xStreamBufferSpacesAvailable
 .text.xStreamBufferSendFromISR
                0x08017b62       0xe6 ./Middlewares/Third_Party/FreeRTOS/Source/stream_buffer.o
                0x08017b62                xStreamBufferSendFromISR
 .text.prvWriteMessageToBuffer
                0x08017c48       0x7a ./Middlewares/Third_Party/FreeRTOS/Source/stream_buffer.o
 .text.xStreamBufferReceive
                0x08017cc2      0x130 ./Middlewares/Third_Party/FreeRTOS/Source/stream_buffer.o
                0x08017cc2                xStreamBufferReceive
 .text.prvReadMessageFromBuffer
                0x08017df2       0x64 ./Middlewares/Third_Party/FreeRTOS/Source/stream_buffer.o
 .text.prvWriteBytesToBuffer
                0x08017e56       0xea ./Middlewares/Third_Party/FreeRTOS/Source/stream_buffer.o
 .text.prvReadBytesFromBuffer
                0x08017f40       0xfa ./Middlewares/Third_Party/FreeRTOS/Source/stream_buffer.o
 .text.prvBytesInBuffer
                0x0801803a       0x40 ./Middlewares/Third_Party/FreeRTOS/Source/stream_buffer.o
 .text.prvInitialiseNewStreamBuffer
                0x0801807a       0x68 ./Middlewares/Third_Party/FreeRTOS/Source/stream_buffer.o
 .text.xTaskCreateStatic
                0x080180e2       0xc0 ./Middlewares/Third_Party/FreeRTOS/Source/tasks.o
                0x080180e2                xTaskCreateStatic
 .text.xTaskCreate
                0x080181a2       0x8a ./Middlewares/Third_Party/FreeRTOS/Source/tasks.o
                0x080181a2                xTaskCreate
 .text.prvInitialiseNewTask
                0x0801822c      0x140 ./Middlewares/Third_Party/FreeRTOS/Source/tasks.o
 .text.prvAddNewTaskToReadyList
                0x0801836c       0xd4 ./Middlewares/Third_Party/FreeRTOS/Source/tasks.o
 .text.vTaskDelay
                0x08018440       0x6c ./Middlewares/Third_Party/FreeRTOS/Source/tasks.o
                0x08018440                vTaskDelay
 .text.vTaskStartScheduler
                0x080184ac       0xd4 ./Middlewares/Third_Party/FreeRTOS/Source/tasks.o
                0x080184ac                vTaskStartScheduler
 .text.vTaskSuspendAll
                0x08018580       0x1c ./Middlewares/Third_Party/FreeRTOS/Source/tasks.o
                0x08018580                vTaskSuspendAll
 .text.xTaskResumeAll
                0x0801859c      0x13c ./Middlewares/Third_Party/FreeRTOS/Source/tasks.o
                0x0801859c                xTaskResumeAll
 .text.xTaskIncrementTick
                0x080186d8      0x174 ./Middlewares/Third_Party/FreeRTOS/Source/tasks.o
                0x080186d8                xTaskIncrementTick
 .text.vTaskSwitchContext
                0x0801884c       0xc8 ./Middlewares/Third_Party/FreeRTOS/Source/tasks.o
                0x0801884c                vTaskSwitchContext
 .text.prvIdleTask
                0x08018914       0x30 ./Middlewares/Third_Party/FreeRTOS/Source/tasks.o
 .text.prvInitialiseTaskLists
                0x08018944       0x80 ./Middlewares/Third_Party/FreeRTOS/Source/tasks.o
 .text.prvCheckTasksWaitingTermination
                0x080189c4       0x5c ./Middlewares/Third_Party/FreeRTOS/Source/tasks.o
 .text.prvDeleteTCB
                0x08018a20       0x6a ./Middlewares/Third_Party/FreeRTOS/Source/tasks.o
 *fill*         0x08018a8a        0x2 
 .text.prvResetNextTaskUnblockTime
                0x08018a8c       0x40 ./Middlewares/Third_Party/FreeRTOS/Source/tasks.o
 .text.xTaskGetCurrentTaskHandle
                0x08018acc       0x20 ./Middlewares/Third_Party/FreeRTOS/Source/tasks.o
                0x08018acc                xTaskGetCurrentTaskHandle
 .text.xTaskNotifyWait
                0x08018aec       0xc0 ./Middlewares/Third_Party/FreeRTOS/Source/tasks.o
                0x08018aec                xTaskNotifyWait
 .text.xTaskGenericNotify
                0x08018bac      0x184 ./Middlewares/Third_Party/FreeRTOS/Source/tasks.o
                0x08018bac                xTaskGenericNotify
 .text.xTaskGenericNotifyFromISR
                0x08018d30      0x1cc ./Middlewares/Third_Party/FreeRTOS/Source/tasks.o
                0x08018d30                xTaskGenericNotifyFromISR
 .text.xTaskNotifyStateClear
                0x08018efc       0x4c ./Middlewares/Third_Party/FreeRTOS/Source/tasks.o
                0x08018efc                xTaskNotifyStateClear
 .text.prvAddCurrentTaskToDelayedList
                0x08018f48       0xcc ./Middlewares/Third_Party/FreeRTOS/Source/tasks.o
 .text.pxPortInitialiseStack
                0x08019014       0x68 ./Middlewares/Third_Party/FreeRTOS/Source/portable/GCC/ARM_CM4F/port.o
                0x08019014                pxPortInitialiseStack
 .text.prvTaskExitError
                0x0801907c       0x5c ./Middlewares/Third_Party/FreeRTOS/Source/portable/GCC/ARM_CM4F/port.o
 *fill*         0x080190d8        0x8 
 .text.SVC_Handler
                0x080190e0       0x28 ./Middlewares/Third_Party/FreeRTOS/Source/portable/GCC/ARM_CM4F/port.o
                0x080190e0                SVC_Handler
 .text.prvPortStartFirstTask
                0x08019108       0x28 ./Middlewares/Third_Party/FreeRTOS/Source/portable/GCC/ARM_CM4F/port.o
 .text.xPortStartScheduler
                0x08019130      0x148 ./Middlewares/Third_Party/FreeRTOS/Source/portable/GCC/ARM_CM4F/port.o
                0x08019130                xPortStartScheduler
 .text.vPortEnterCritical
                0x08019278       0x64 ./Middlewares/Third_Party/FreeRTOS/Source/portable/GCC/ARM_CM4F/port.o
                0x08019278                vPortEnterCritical
 .text.vPortExitCritical
                0x080192dc       0x54 ./Middlewares/Third_Party/FreeRTOS/Source/portable/GCC/ARM_CM4F/port.o
                0x080192dc                vPortExitCritical
 .text.PendSV_Handler
                0x08019330       0x68 ./Middlewares/Third_Party/FreeRTOS/Source/portable/GCC/ARM_CM4F/port.o
                0x08019330                PendSV_Handler
 .text.SysTick_Handler
                0x08019398       0x44 ./Middlewares/Third_Party/FreeRTOS/Source/portable/GCC/ARM_CM4F/port.o
                0x08019398                SysTick_Handler
 .text.vPortSetupTimerInterrupt
                0x080193dc       0x48 ./Middlewares/Third_Party/FreeRTOS/Source/portable/GCC/ARM_CM4F/port.o
                0x080193dc                vPortSetupTimerInterrupt
 .text.vPortEnableVFP
                0x08019424       0x14 ./Middlewares/Third_Party/FreeRTOS/Source/portable/GCC/ARM_CM4F/port.o
 .text.vPortValidateInterruptPriority
                0x08019438       0x84 ./Middlewares/Third_Party/FreeRTOS/Source/portable/GCC/ARM_CM4F/port.o
                0x08019438                vPortValidateInterruptPriority
 .text.pvPortMalloc
                0x080194bc      0x19c ./Middlewares/Third_Party/FreeRTOS/Source/portable/MemMang/heap_4.o
                0x080194bc                pvPortMalloc
 .text.vPortFree
                0x08019658       0xc8 ./Middlewares/Third_Party/FreeRTOS/Source/portable/MemMang/heap_4.o
                0x08019658                vPortFree
 .text.prvHeapInit
                0x08019720       0xc4 ./Middlewares/Third_Party/FreeRTOS/Source/portable/MemMang/heap_4.o
 .text.prvInsertBlockIntoFreeList
                0x080197e4       0xb4 ./Middlewares/Third_Party/FreeRTOS/Source/portable/MemMang/heap_4.o
 .text.atof     0x08019898        0x6 C:/ST/STM32CubeIDE_1.18.0/STM32CubeIDE/plugins/com.st.stm32cube.ide.mcu.externaltools.gnu-tools-for-stm32.13.3.rel1.win32_1.0.0.202411081344/tools/bin/../lib/gcc/arm-none-eabi/13.3.1/../../../../arm-none-eabi/lib/thumb/v7e-m+fp/hard\libc_nano.a(libc_a-atof.o)
                0x08019898                atof
 .text.atoi     0x0801989e        0x8 C:/ST/STM32CubeIDE_1.18.0/STM32CubeIDE/plugins/com.st.stm32cube.ide.mcu.externaltools.gnu-tools-for-stm32.13.3.rel1.win32_1.0.0.202411081344/tools/bin/../lib/gcc/arm-none-eabi/13.3.1/../../../../arm-none-eabi/lib/thumb/v7e-m+fp/hard\libc_nano.a(libc_a-atoi.o)
                0x0801989e                atoi
 .text.atol     0x080198a6        0x8 C:/ST/STM32CubeIDE_1.18.0/STM32CubeIDE/plugins/com.st.stm32cube.ide.mcu.externaltools.gnu-tools-for-stm32.13.3.rel1.win32_1.0.0.202411081344/tools/bin/../lib/gcc/arm-none-eabi/13.3.1/../../../../arm-none-eabi/lib/thumb/v7e-m+fp/hard\libc_nano.a(libc_a-atol.o)
                0x080198a6                atol
 *fill*         0x080198ae        0x2 
 .text.exit     0x080198b0       0x24 C:/ST/STM32CubeIDE_1.18.0/STM32CubeIDE/plugins/com.st.stm32cube.ide.mcu.externaltools.gnu-tools-for-stm32.13.3.rel1.win32_1.0.0.202411081344/tools/bin/../lib/gcc/arm-none-eabi/13.3.1/../../../../arm-none-eabi/lib/thumb/v7e-m+fp/hard\libc_nano.a(libc_a-exit.o)
                0x080198b0                exit
 .text.malloc   0x080198d4       0x10 C:/ST/STM32CubeIDE_1.18.0/STM32CubeIDE/plugins/com.st.stm32cube.ide.mcu.externaltools.gnu-tools-for-stm32.13.3.rel1.win32_1.0.0.202411081344/tools/bin/../lib/gcc/arm-none-eabi/13.3.1/../../../../arm-none-eabi/lib/thumb/v7e-m+fp/hard\libc_nano.a(libc_a-malloc.o)
                0x080198d4                malloc
 .text.free     0x080198e4       0x10 C:/ST/STM32CubeIDE_1.18.0/STM32CubeIDE/plugins/com.st.stm32cube.ide.mcu.externaltools.gnu-tools-for-stm32.13.3.rel1.win32_1.0.0.202411081344/tools/bin/../lib/gcc/arm-none-eabi/13.3.1/../../../../arm-none-eabi/lib/thumb/v7e-m+fp/hard\libc_nano.a(libc_a-malloc.o)
                0x080198e4                free
 .text.sbrk_aligned
                0x080198f4       0x44 C:/ST/STM32CubeIDE_1.18.0/STM32CubeIDE/plugins/com.st.stm32cube.ide.mcu.externaltools.gnu-tools-for-stm32.13.3.rel1.win32_1.0.0.202411081344/tools/bin/../lib/gcc/arm-none-eabi/13.3.1/../../../../arm-none-eabi/lib/thumb/v7e-m+fp/hard\libc_nano.a(libc_a-mallocr.o)
 .text._malloc_r
                0x08019938      0x100 C:/ST/STM32CubeIDE_1.18.0/STM32CubeIDE/plugins/com.st.stm32cube.ide.mcu.externaltools.gnu-tools-for-stm32.13.3.rel1.win32_1.0.0.202411081344/tools/bin/../lib/gcc/arm-none-eabi/13.3.1/../../../../arm-none-eabi/lib/thumb/v7e-m+fp/hard\libc_nano.a(libc_a-mallocr.o)
                0x08019938                _malloc_r
 .text.__malloc_lock
                0x08019a38        0xc C:/ST/STM32CubeIDE_1.18.0/STM32CubeIDE/plugins/com.st.stm32cube.ide.mcu.externaltools.gnu-tools-for-stm32.13.3.rel1.win32_1.0.0.202411081344/tools/bin/../lib/gcc/arm-none-eabi/13.3.1/../../../../arm-none-eabi/lib/thumb/v7e-m+fp/hard\libc_nano.a(libc_a-mlock.o)
                0x08019a38                __malloc_lock
 .text.__malloc_unlock
                0x08019a44        0xc C:/ST/STM32CubeIDE_1.18.0/STM32CubeIDE/plugins/com.st.stm32cube.ide.mcu.externaltools.gnu-tools-for-stm32.13.3.rel1.win32_1.0.0.202411081344/tools/bin/../lib/gcc/arm-none-eabi/13.3.1/../../../../arm-none-eabi/lib/thumb/v7e-m+fp/hard\libc_nano.a(libc_a-mlock.o)
                0x08019a44                __malloc_unlock
 .text.sulp     0x08019a50       0x3c C:/ST/STM32CubeIDE_1.18.0/STM32CubeIDE/plugins/com.st.stm32cube.ide.mcu.externaltools.gnu-tools-for-stm32.13.3.rel1.win32_1.0.0.202411081344/tools/bin/../lib/gcc/arm-none-eabi/13.3.1/../../../../arm-none-eabi/lib/thumb/v7e-m+fp/hard\libc_nano.a(libc_a-strtod.o)
 *fill*         0x08019a8c        0x4 
 .text._strtod_l
                0x08019a90      0xbc8 C:/ST/STM32CubeIDE_1.18.0/STM32CubeIDE/plugins/com.st.stm32cube.ide.mcu.externaltools.gnu-tools-for-stm32.13.3.rel1.win32_1.0.0.202411081344/tools/bin/../lib/gcc/arm-none-eabi/13.3.1/../../../../arm-none-eabi/lib/thumb/v7e-m+fp/hard\libc_nano.a(libc_a-strtod.o)
                0x08019a90                _strtod_l
 .text._strtod_r
                0x0801a658        0xc C:/ST/STM32CubeIDE_1.18.0/STM32CubeIDE/plugins/com.st.stm32cube.ide.mcu.externaltools.gnu-tools-for-stm32.13.3.rel1.win32_1.0.0.202411081344/tools/bin/../lib/gcc/arm-none-eabi/13.3.1/../../../../arm-none-eabi/lib/thumb/v7e-m+fp/hard\libc_nano.a(libc_a-strtod.o)
                0x0801a658                _strtod_r
 .text.strtod   0x0801a664       0x18 C:/ST/STM32CubeIDE_1.18.0/STM32CubeIDE/plugins/com.st.stm32cube.ide.mcu.externaltools.gnu-tools-for-stm32.13.3.rel1.win32_1.0.0.202411081344/tools/bin/../lib/gcc/arm-none-eabi/13.3.1/../../../../arm-none-eabi/lib/thumb/v7e-m+fp/hard\libc_nano.a(libc_a-strtod.o)
                0x0801a664                strtod
 .text._strtol_l.isra.0
                0x0801a67c       0xf4 C:/ST/STM32CubeIDE_1.18.0/STM32CubeIDE/plugins/com.st.stm32cube.ide.mcu.externaltools.gnu-tools-for-stm32.13.3.rel1.win32_1.0.0.202411081344/tools/bin/../lib/gcc/arm-none-eabi/13.3.1/../../../../arm-none-eabi/lib/thumb/v7e-m+fp/hard\libc_nano.a(libc_a-strtol.o)
 .text._strtol_r
                0x0801a770        0x4 C:/ST/STM32CubeIDE_1.18.0/STM32CubeIDE/plugins/com.st.stm32cube.ide.mcu.externaltools.gnu-tools-for-stm32.13.3.rel1.win32_1.0.0.202411081344/tools/bin/../lib/gcc/arm-none-eabi/13.3.1/../../../../arm-none-eabi/lib/thumb/v7e-m+fp/hard\libc_nano.a(libc_a-strtol.o)
                0x0801a770                _strtol_r
 .text.strtol   0x0801a774       0x14 C:/ST/STM32CubeIDE_1.18.0/STM32CubeIDE/plugins/com.st.stm32cube.ide.mcu.externaltools.gnu-tools-for-stm32.13.3.rel1.win32_1.0.0.202411081344/tools/bin/../lib/gcc/arm-none-eabi/13.3.1/../../../../arm-none-eabi/lib/thumb/v7e-m+fp/hard\libc_nano.a(libc_a-strtol.o)
                0x0801a774                strtol
 .text.__cvt    0x0801a788       0xca C:/ST/STM32CubeIDE_1.18.0/STM32CubeIDE/plugins/com.st.stm32cube.ide.mcu.externaltools.gnu-tools-for-stm32.13.3.rel1.win32_1.0.0.202411081344/tools/bin/../lib/gcc/arm-none-eabi/13.3.1/../../../../arm-none-eabi/lib/thumb/v7e-m+fp/hard\libc_nano.a(libc_a-nano-vfprintf_float.o)
                0x0801a788                __cvt
 .text.__exponent
                0x0801a852       0x74 C:/ST/STM32CubeIDE_1.18.0/STM32CubeIDE/plugins/com.st.stm32cube.ide.mcu.externaltools.gnu-tools-for-stm32.13.3.rel1.win32_1.0.0.202411081344/tools/bin/../lib/gcc/arm-none-eabi/13.3.1/../../../../arm-none-eabi/lib/thumb/v7e-m+fp/hard\libc_nano.a(libc_a-nano-vfprintf_float.o)
                0x0801a852                __exponent
 *fill*         0x0801a8c6        0x2 
 .text._printf_float
                0x0801a8c8      0x454 C:/ST/STM32CubeIDE_1.18.0/STM32CubeIDE/plugins/com.st.stm32cube.ide.mcu.externaltools.gnu-tools-for-stm32.13.3.rel1.win32_1.0.0.202411081344/tools/bin/../lib/gcc/arm-none-eabi/13.3.1/../../../../arm-none-eabi/lib/thumb/v7e-m+fp/hard\libc_nano.a(libc_a-nano-vfprintf_float.o)
                0x0801a8c8                _printf_float
 .text._printf_common
                0x0801ad1c       0xda C:/ST/STM32CubeIDE_1.18.0/STM32CubeIDE/plugins/com.st.stm32cube.ide.mcu.externaltools.gnu-tools-for-stm32.13.3.rel1.win32_1.0.0.202411081344/tools/bin/../lib/gcc/arm-none-eabi/13.3.1/../../../../arm-none-eabi/lib/thumb/v7e-m+fp/hard\libc_nano.a(libc_a-nano-vfprintf_i.o)
                0x0801ad1c                _printf_common
 *fill*         0x0801adf6        0x2 
 .text._printf_i
                0x0801adf8      0x23c C:/ST/STM32CubeIDE_1.18.0/STM32CubeIDE/plugins/com.st.stm32cube.ide.mcu.externaltools.gnu-tools-for-stm32.13.3.rel1.win32_1.0.0.202411081344/tools/bin/../lib/gcc/arm-none-eabi/13.3.1/../../../../arm-none-eabi/lib/thumb/v7e-m+fp/hard\libc_nano.a(libc_a-nano-vfprintf_i.o)
                0x0801adf8                _printf_i
 .text._scanf_float
                0x0801b034      0x41c C:/ST/STM32CubeIDE_1.18.0/STM32CubeIDE/plugins/com.st.stm32cube.ide.mcu.externaltools.gnu-tools-for-stm32.13.3.rel1.win32_1.0.0.202411081344/tools/bin/../lib/gcc/arm-none-eabi/13.3.1/../../../../arm-none-eabi/lib/thumb/v7e-m+fp/hard\libc_nano.a(libc_a-nano-vfscanf_float.o)
                0x0801b034                _scanf_float
 .text.std      0x0801b450       0x6c C:/ST/STM32CubeIDE_1.18.0/STM32CubeIDE/plugins/com.st.stm32cube.ide.mcu.externaltools.gnu-tools-for-stm32.13.3.rel1.win32_1.0.0.202411081344/tools/bin/../lib/gcc/arm-none-eabi/13.3.1/../../../../arm-none-eabi/lib/thumb/v7e-m+fp/hard\libc_nano.a(libc_a-findfp.o)
 .text.stdio_exit_handler
                0x0801b4bc       0x18 C:/ST/STM32CubeIDE_1.18.0/STM32CubeIDE/plugins/com.st.stm32cube.ide.mcu.externaltools.gnu-tools-for-stm32.13.3.rel1.win32_1.0.0.202411081344/tools/bin/../lib/gcc/arm-none-eabi/13.3.1/../../../../arm-none-eabi/lib/thumb/v7e-m+fp/hard\libc_nano.a(libc_a-findfp.o)
 .text.cleanup_stdio
                0x0801b4d4       0x40 C:/ST/STM32CubeIDE_1.18.0/STM32CubeIDE/plugins/com.st.stm32cube.ide.mcu.externaltools.gnu-tools-for-stm32.13.3.rel1.win32_1.0.0.202411081344/tools/bin/../lib/gcc/arm-none-eabi/13.3.1/../../../../arm-none-eabi/lib/thumb/v7e-m+fp/hard\libc_nano.a(libc_a-findfp.o)
 .text.global_stdio_init.part.0
                0x0801b514       0x3c C:/ST/STM32CubeIDE_1.18.0/STM32CubeIDE/plugins/com.st.stm32cube.ide.mcu.externaltools.gnu-tools-for-stm32.13.3.rel1.win32_1.0.0.202411081344/tools/bin/../lib/gcc/arm-none-eabi/13.3.1/../../../../arm-none-eabi/lib/thumb/v7e-m+fp/hard\libc_nano.a(libc_a-findfp.o)
 .text.__sfp_lock_acquire
                0x0801b550        0xc C:/ST/STM32CubeIDE_1.18.0/STM32CubeIDE/plugins/com.st.stm32cube.ide.mcu.externaltools.gnu-tools-for-stm32.13.3.rel1.win32_1.0.0.202411081344/tools/bin/../lib/gcc/arm-none-eabi/13.3.1/../../../../arm-none-eabi/lib/thumb/v7e-m+fp/hard\libc_nano.a(libc_a-findfp.o)
                0x0801b550                __sfp_lock_acquire
 .text.__sfp_lock_release
                0x0801b55c        0xc C:/ST/STM32CubeIDE_1.18.0/STM32CubeIDE/plugins/com.st.stm32cube.ide.mcu.externaltools.gnu-tools-for-stm32.13.3.rel1.win32_1.0.0.202411081344/tools/bin/../lib/gcc/arm-none-eabi/13.3.1/../../../../arm-none-eabi/lib/thumb/v7e-m+fp/hard\libc_nano.a(libc_a-findfp.o)
                0x0801b55c                __sfp_lock_release
 .text.__sinit  0x0801b568       0x30 C:/ST/STM32CubeIDE_1.18.0/STM32CubeIDE/plugins/com.st.stm32cube.ide.mcu.externaltools.gnu-tools-for-stm32.13.3.rel1.win32_1.0.0.202411081344/tools/bin/../lib/gcc/arm-none-eabi/13.3.1/../../../../arm-none-eabi/lib/thumb/v7e-m+fp/hard\libc_nano.a(libc_a-findfp.o)
                0x0801b568                __sinit
 .text._fwalk_sglue
                0x0801b598       0x3c C:/ST/STM32CubeIDE_1.18.0/STM32CubeIDE/plugins/com.st.stm32cube.ide.mcu.externaltools.gnu-tools-for-stm32.13.3.rel1.win32_1.0.0.202411081344/tools/bin/../lib/gcc/arm-none-eabi/13.3.1/../../../../arm-none-eabi/lib/thumb/v7e-m+fp/hard\libc_nano.a(libc_a-fwalk.o)
                0x0801b598                _fwalk_sglue
 .text.snprintf
                0x0801b5d4       0x6c C:/ST/STM32CubeIDE_1.18.0/STM32CubeIDE/plugins/com.st.stm32cube.ide.mcu.externaltools.gnu-tools-for-stm32.13.3.rel1.win32_1.0.0.202411081344/tools/bin/../lib/gcc/arm-none-eabi/13.3.1/../../../../arm-none-eabi/lib/thumb/v7e-m+fp/hard\libc_nano.a(libc_a-snprintf.o)
                0x0801b5d4                sniprintf
                0x0801b5d4                snprintf
 .text.sprintf  0x0801b640       0x44 C:/ST/STM32CubeIDE_1.18.0/STM32CubeIDE/plugins/com.st.stm32cube.ide.mcu.externaltools.gnu-tools-for-stm32.13.3.rel1.win32_1.0.0.202411081344/tools/bin/../lib/gcc/arm-none-eabi/13.3.1/../../../../arm-none-eabi/lib/thumb/v7e-m+fp/hard\libc_nano.a(libc_a-sprintf.o)
                0x0801b640                siprintf
                0x0801b640                sprintf
 .text.sscanf   0x0801b684       0x58 C:/ST/STM32CubeIDE_1.18.0/STM32CubeIDE/plugins/com.st.stm32cube.ide.mcu.externaltools.gnu-tools-for-stm32.13.3.rel1.win32_1.0.0.202411081344/tools/bin/../lib/gcc/arm-none-eabi/13.3.1/../../../../arm-none-eabi/lib/thumb/v7e-m+fp/hard\libc_nano.a(libc_a-sscanf.o)
                0x0801b684                siscanf
                0x0801b684                sscanf
 .text.__sread  0x0801b6dc       0x22 C:/ST/STM32CubeIDE_1.18.0/STM32CubeIDE/plugins/com.st.stm32cube.ide.mcu.externaltools.gnu-tools-for-stm32.13.3.rel1.win32_1.0.0.202411081344/tools/bin/../lib/gcc/arm-none-eabi/13.3.1/../../../../arm-none-eabi/lib/thumb/v7e-m+fp/hard\libc_nano.a(libc_a-stdio.o)
                0x0801b6dc                __sread
 .text.__seofread
                0x0801b6fe        0x4 C:/ST/STM32CubeIDE_1.18.0/STM32CubeIDE/plugins/com.st.stm32cube.ide.mcu.externaltools.gnu-tools-for-stm32.13.3.rel1.win32_1.0.0.202411081344/tools/bin/../lib/gcc/arm-none-eabi/13.3.1/../../../../arm-none-eabi/lib/thumb/v7e-m+fp/hard\libc_nano.a(libc_a-stdio.o)
                0x0801b6fe                __seofread
 .text.__swrite
                0x0801b702       0x38 C:/ST/STM32CubeIDE_1.18.0/STM32CubeIDE/plugins/com.st.stm32cube.ide.mcu.externaltools.gnu-tools-for-stm32.13.3.rel1.win32_1.0.0.202411081344/tools/bin/../lib/gcc/arm-none-eabi/13.3.1/../../../../arm-none-eabi/lib/thumb/v7e-m+fp/hard\libc_nano.a(libc_a-stdio.o)
                0x0801b702                __swrite
 .text.__sseek  0x0801b73a       0x24 C:/ST/STM32CubeIDE_1.18.0/STM32CubeIDE/plugins/com.st.stm32cube.ide.mcu.externaltools.gnu-tools-for-stm32.13.3.rel1.win32_1.0.0.202411081344/tools/bin/../lib/gcc/arm-none-eabi/13.3.1/../../../../arm-none-eabi/lib/thumb/v7e-m+fp/hard\libc_nano.a(libc_a-stdio.o)
                0x0801b73a                __sseek
 .text.__sclose
                0x0801b75e        0x8 C:/ST/STM32CubeIDE_1.18.0/STM32CubeIDE/plugins/com.st.stm32cube.ide.mcu.externaltools.gnu-tools-for-stm32.13.3.rel1.win32_1.0.0.202411081344/tools/bin/../lib/gcc/arm-none-eabi/13.3.1/../../../../arm-none-eabi/lib/thumb/v7e-m+fp/hard\libc_nano.a(libc_a-stdio.o)
                0x0801b75e                __sclose
 .text.memset   0x0801b766       0x10 C:/ST/STM32CubeIDE_1.18.0/STM32CubeIDE/plugins/com.st.stm32cube.ide.mcu.externaltools.gnu-tools-for-stm32.13.3.rel1.win32_1.0.0.202411081344/tools/bin/../lib/gcc/arm-none-eabi/13.3.1/../../../../arm-none-eabi/lib/thumb/v7e-m+fp/hard\libc_nano.a(libc_a-memset.o)
                0x0801b766                memset
 .text.strncmp  0x0801b776       0x24 C:/ST/STM32CubeIDE_1.18.0/STM32CubeIDE/plugins/com.st.stm32cube.ide.mcu.externaltools.gnu-tools-for-stm32.13.3.rel1.win32_1.0.0.202411081344/tools/bin/../lib/gcc/arm-none-eabi/13.3.1/../../../../arm-none-eabi/lib/thumb/v7e-m+fp/hard\libc_nano.a(libc_a-strncmp.o)
                0x0801b776                strncmp
 .text.strncpy  0x0801b79a       0x26 C:/ST/STM32CubeIDE_1.18.0/STM32CubeIDE/plugins/com.st.stm32cube.ide.mcu.externaltools.gnu-tools-for-stm32.13.3.rel1.win32_1.0.0.202411081344/tools/bin/../lib/gcc/arm-none-eabi/13.3.1/../../../../arm-none-eabi/lib/thumb/v7e-m+fp/hard\libc_nano.a(libc_a-strncpy.o)
                0x0801b79a                strncpy
 .text.strtok   0x0801b7c0       0x68 C:/ST/STM32CubeIDE_1.18.0/STM32CubeIDE/plugins/com.st.stm32cube.ide.mcu.externaltools.gnu-tools-for-stm32.13.3.rel1.win32_1.0.0.202411081344/tools/bin/../lib/gcc/arm-none-eabi/13.3.1/../../../../arm-none-eabi/lib/thumb/v7e-m+fp/hard\libc_nano.a(libc_a-strtok.o)
                0x0801b7c0                strtok
 .text.__strtok_r
                0x0801b828       0x50 C:/ST/STM32CubeIDE_1.18.0/STM32CubeIDE/plugins/com.st.stm32cube.ide.mcu.externaltools.gnu-tools-for-stm32.13.3.rel1.win32_1.0.0.202411081344/tools/bin/../lib/gcc/arm-none-eabi/13.3.1/../../../../arm-none-eabi/lib/thumb/v7e-m+fp/hard\libc_nano.a(libc_a-strtok_r.o)
                0x0801b828                __strtok_r
 .text.difftime
                0x0801b878       0x12 C:/ST/STM32CubeIDE_1.18.0/STM32CubeIDE/plugins/com.st.stm32cube.ide.mcu.externaltools.gnu-tools-for-stm32.13.3.rel1.win32_1.0.0.202411081344/tools/bin/../lib/gcc/arm-none-eabi/13.3.1/../../../../arm-none-eabi/lib/thumb/v7e-m+fp/hard\libc_nano.a(libc_a-difftime.o)
                0x0801b878                difftime
 *fill*         0x0801b88a        0x2 
 .text.gmtime   0x0801b88c       0x3c C:/ST/STM32CubeIDE_1.18.0/STM32CubeIDE/plugins/com.st.stm32cube.ide.mcu.externaltools.gnu-tools-for-stm32.13.3.rel1.win32_1.0.0.202411081344/tools/bin/../lib/gcc/arm-none-eabi/13.3.1/../../../../arm-none-eabi/lib/thumb/v7e-m+fp/hard\libc_nano.a(libc_a-gmtime.o)
                0x0801b88c                gmtime
 .text.gmtime_r
                0x0801b8c8      0x14c C:/ST/STM32CubeIDE_1.18.0/STM32CubeIDE/plugins/com.st.stm32cube.ide.mcu.externaltools.gnu-tools-for-stm32.13.3.rel1.win32_1.0.0.202411081344/tools/bin/../lib/gcc/arm-none-eabi/13.3.1/../../../../arm-none-eabi/lib/thumb/v7e-m+fp/hard\libc_nano.a(libc_a-gmtime_r.o)
                0x0801b8c8                gmtime_r
 .text.localtime_r
                0x0801ba14      0x1e0 C:/ST/STM32CubeIDE_1.18.0/STM32CubeIDE/plugins/com.st.stm32cube.ide.mcu.externaltools.gnu-tools-for-stm32.13.3.rel1.win32_1.0.0.202411081344/tools/bin/../lib/gcc/arm-none-eabi/13.3.1/../../../../arm-none-eabi/lib/thumb/v7e-m+fp/hard\libc_nano.a(libc_a-lcltime_r.o)
                0x0801ba14                localtime_r
 .text.validate_structure
                0x0801bbf4      0x1a8 C:/ST/STM32CubeIDE_1.18.0/STM32CubeIDE/plugins/com.st.stm32cube.ide.mcu.externaltools.gnu-tools-for-stm32.13.3.rel1.win32_1.0.0.202411081344/tools/bin/../lib/gcc/arm-none-eabi/13.3.1/../../../../arm-none-eabi/lib/thumb/v7e-m+fp/hard\libc_nano.a(libc_a-mktime.o)
 .text.mktime   0x0801bd9c      0x370 C:/ST/STM32CubeIDE_1.18.0/STM32CubeIDE/plugins/com.st.stm32cube.ide.mcu.externaltools.gnu-tools-for-stm32.13.3.rel1.win32_1.0.0.202411081344/tools/bin/../lib/gcc/arm-none-eabi/13.3.1/../../../../arm-none-eabi/lib/thumb/v7e-m+fp/hard\libc_nano.a(libc_a-mktime.o)
                0x0801bd9c                mktime
 .text.time     0x0801c10c       0x38 C:/ST/STM32CubeIDE_1.18.0/STM32CubeIDE/plugins/com.st.stm32cube.ide.mcu.externaltools.gnu-tools-for-stm32.13.3.rel1.win32_1.0.0.202411081344/tools/bin/../lib/gcc/arm-none-eabi/13.3.1/../../../../arm-none-eabi/lib/thumb/v7e-m+fp/hard\libc_nano.a(libc_a-time.o)
                0x0801c10c                time
 .text.__tzcalc_limits
                0x0801c144      0x168 C:/ST/STM32CubeIDE_1.18.0/STM32CubeIDE/plugins/com.st.stm32cube.ide.mcu.externaltools.gnu-tools-for-stm32.13.3.rel1.win32_1.0.0.202411081344/tools/bin/../lib/gcc/arm-none-eabi/13.3.1/../../../../arm-none-eabi/lib/thumb/v7e-m+fp/hard\libc_nano.a(libc_a-tzcalc_limits.o)
                0x0801c144                __tzcalc_limits
 .text.__tz_lock
                0x0801c2ac        0xc C:/ST/STM32CubeIDE_1.18.0/STM32CubeIDE/plugins/com.st.stm32cube.ide.mcu.externaltools.gnu-tools-for-stm32.13.3.rel1.win32_1.0.0.202411081344/tools/bin/../lib/gcc/arm-none-eabi/13.3.1/../../../../arm-none-eabi/lib/thumb/v7e-m+fp/hard\libc_nano.a(libc_a-tzlock.o)
                0x0801c2ac                __tz_lock
 .text.__tz_unlock
                0x0801c2b8        0xc C:/ST/STM32CubeIDE_1.18.0/STM32CubeIDE/plugins/com.st.stm32cube.ide.mcu.externaltools.gnu-tools-for-stm32.13.3.rel1.win32_1.0.0.202411081344/tools/bin/../lib/gcc/arm-none-eabi/13.3.1/../../../../arm-none-eabi/lib/thumb/v7e-m+fp/hard\libc_nano.a(libc_a-tzlock.o)
                0x0801c2b8                __tz_unlock
 .text._tzset_unlocked
                0x0801c2c4        0xc C:/ST/STM32CubeIDE_1.18.0/STM32CubeIDE/plugins/com.st.stm32cube.ide.mcu.externaltools.gnu-tools-for-stm32.13.3.rel1.win32_1.0.0.202411081344/tools/bin/../lib/gcc/arm-none-eabi/13.3.1/../../../../arm-none-eabi/lib/thumb/v7e-m+fp/hard\libc_nano.a(libc_a-tzset.o)
                0x0801c2c4                _tzset_unlocked
 .text._tzset_unlocked_r
                0x0801c2d0      0x444 C:/ST/STM32CubeIDE_1.18.0/STM32CubeIDE/plugins/com.st.stm32cube.ide.mcu.externaltools.gnu-tools-for-stm32.13.3.rel1.win32_1.0.0.202411081344/tools/bin/../lib/gcc/arm-none-eabi/13.3.1/../../../../arm-none-eabi/lib/thumb/v7e-m+fp/hard\libc_nano.a(libc_a-tzset_r.o)
                0x0801c2d0                _tzset_unlocked_r
 .text._localeconv_r
                0x0801c714        0x8 C:/ST/STM32CubeIDE_1.18.0/STM32CubeIDE/plugins/com.st.stm32cube.ide.mcu.externaltools.gnu-tools-for-stm32.13.3.rel1.win32_1.0.0.202411081344/tools/bin/../lib/gcc/arm-none-eabi/13.3.1/../../../../arm-none-eabi/lib/thumb/v7e-m+fp/hard\libc_nano.a(libc_a-localeconv.o)
                0x0801c714                _localeconv_r
 .text._close_r
                0x0801c71c       0x20 C:/ST/STM32CubeIDE_1.18.0/STM32CubeIDE/plugins/com.st.stm32cube.ide.mcu.externaltools.gnu-tools-for-stm32.13.3.rel1.win32_1.0.0.202411081344/tools/bin/../lib/gcc/arm-none-eabi/13.3.1/../../../../arm-none-eabi/lib/thumb/v7e-m+fp/hard\libc_nano.a(libc_a-closer.o)
                0x0801c71c                _close_r
 .text._reclaim_reent
                0x0801c73c       0xbc C:/ST/STM32CubeIDE_1.18.0/STM32CubeIDE/plugins/com.st.stm32cube.ide.mcu.externaltools.gnu-tools-for-stm32.13.3.rel1.win32_1.0.0.202411081344/tools/bin/../lib/gcc/arm-none-eabi/13.3.1/../../../../arm-none-eabi/lib/thumb/v7e-m+fp/hard\libc_nano.a(libc_a-reent.o)
                0x0801c73c                _reclaim_reent
 .text._gettimeofday_r
                0x0801c7f8       0x24 C:/ST/STM32CubeIDE_1.18.0/STM32CubeIDE/plugins/com.st.stm32cube.ide.mcu.externaltools.gnu-tools-for-stm32.13.3.rel1.win32_1.0.0.202411081344/tools/bin/../lib/gcc/arm-none-eabi/13.3.1/../../../../arm-none-eabi/lib/thumb/v7e-m+fp/hard\libc_nano.a(libc_a-gettimeofdayr.o)
                0x0801c7f8                _gettimeofday_r
 .text._lseek_r
                0x0801c81c       0x24 C:/ST/STM32CubeIDE_1.18.0/STM32CubeIDE/plugins/com.st.stm32cube.ide.mcu.externaltools.gnu-tools-for-stm32.13.3.rel1.win32_1.0.0.202411081344/tools/bin/../lib/gcc/arm-none-eabi/13.3.1/../../../../arm-none-eabi/lib/thumb/v7e-m+fp/hard\libc_nano.a(libc_a-lseekr.o)
                0x0801c81c                _lseek_r
 .text._read_r  0x0801c840       0x24 C:/ST/STM32CubeIDE_1.18.0/STM32CubeIDE/plugins/com.st.stm32cube.ide.mcu.externaltools.gnu-tools-for-stm32.13.3.rel1.win32_1.0.0.202411081344/tools/bin/../lib/gcc/arm-none-eabi/13.3.1/../../../../arm-none-eabi/lib/thumb/v7e-m+fp/hard\libc_nano.a(libc_a-readr.o)
                0x0801c840                _read_r
 .text._sbrk_r  0x0801c864       0x20 C:/ST/STM32CubeIDE_1.18.0/STM32CubeIDE/plugins/com.st.stm32cube.ide.mcu.externaltools.gnu-tools-for-stm32.13.3.rel1.win32_1.0.0.202411081344/tools/bin/../lib/gcc/arm-none-eabi/13.3.1/../../../../arm-none-eabi/lib/thumb/v7e-m+fp/hard\libc_nano.a(libc_a-sbrkr.o)
                0x0801c864                _sbrk_r
 .text._write_r
                0x0801c884       0x24 C:/ST/STM32CubeIDE_1.18.0/STM32CubeIDE/plugins/com.st.stm32cube.ide.mcu.externaltools.gnu-tools-for-stm32.13.3.rel1.win32_1.0.0.202411081344/tools/bin/../lib/gcc/arm-none-eabi/13.3.1/../../../../arm-none-eabi/lib/thumb/v7e-m+fp/hard\libc_nano.a(libc_a-writer.o)
                0x0801c884                _write_r
 .text.__errno  0x0801c8a8        0xc C:/ST/STM32CubeIDE_1.18.0/STM32CubeIDE/plugins/com.st.stm32cube.ide.mcu.externaltools.gnu-tools-for-stm32.13.3.rel1.win32_1.0.0.202411081344/tools/bin/../lib/gcc/arm-none-eabi/13.3.1/../../../../arm-none-eabi/lib/thumb/v7e-m+fp/hard\libc_nano.a(libc_a-errno.o)
                0x0801c8a8                __errno
 .text.__libc_init_array
                0x0801c8b4       0x48 C:/ST/STM32CubeIDE_1.18.0/STM32CubeIDE/plugins/com.st.stm32cube.ide.mcu.externaltools.gnu-tools-for-stm32.13.3.rel1.win32_1.0.0.202411081344/tools/bin/../lib/gcc/arm-none-eabi/13.3.1/../../../../arm-none-eabi/lib/thumb/v7e-m+fp/hard\libc_nano.a(libc_a-init.o)
                0x0801c8b4                __libc_init_array
 .text.__retarget_lock_init_recursive
                0x0801c8fc        0x2 C:/ST/STM32CubeIDE_1.18.0/STM32CubeIDE/plugins/com.st.stm32cube.ide.mcu.externaltools.gnu-tools-for-stm32.13.3.rel1.win32_1.0.0.202411081344/tools/bin/../lib/gcc/arm-none-eabi/13.3.1/../../../../arm-none-eabi/lib/thumb/v7e-m+fp/hard\libc_nano.a(libc_a-lock.o)
                0x0801c8fc                __retarget_lock_init_recursive
 .text.__retarget_lock_acquire
                0x0801c8fe        0x2 C:/ST/STM32CubeIDE_1.18.0/STM32CubeIDE/plugins/com.st.stm32cube.ide.mcu.externaltools.gnu-tools-for-stm32.13.3.rel1.win32_1.0.0.202411081344/tools/bin/../lib/gcc/arm-none-eabi/13.3.1/../../../../arm-none-eabi/lib/thumb/v7e-m+fp/hard\libc_nano.a(libc_a-lock.o)
                0x0801c8fe                __retarget_lock_acquire
 .text.__retarget_lock_acquire_recursive
                0x0801c900        0x2 C:/ST/STM32CubeIDE_1.18.0/STM32CubeIDE/plugins/com.st.stm32cube.ide.mcu.externaltools.gnu-tools-for-stm32.13.3.rel1.win32_1.0.0.202411081344/tools/bin/../lib/gcc/arm-none-eabi/13.3.1/../../../../arm-none-eabi/lib/thumb/v7e-m+fp/hard\libc_nano.a(libc_a-lock.o)
                0x0801c900                __retarget_lock_acquire_recursive
 .text.__retarget_lock_release
                0x0801c902        0x2 C:/ST/STM32CubeIDE_1.18.0/STM32CubeIDE/plugins/com.st.stm32cube.ide.mcu.externaltools.gnu-tools-for-stm32.13.3.rel1.win32_1.0.0.202411081344/tools/bin/../lib/gcc/arm-none-eabi/13.3.1/../../../../arm-none-eabi/lib/thumb/v7e-m+fp/hard\libc_nano.a(libc_a-lock.o)
                0x0801c902                __retarget_lock_release
 .text.__retarget_lock_release_recursive
                0x0801c904        0x2 C:/ST/STM32CubeIDE_1.18.0/STM32CubeIDE/plugins/com.st.stm32cube.ide.mcu.externaltools.gnu-tools-for-stm32.13.3.rel1.win32_1.0.0.202411081344/tools/bin/../lib/gcc/arm-none-eabi/13.3.1/../../../../arm-none-eabi/lib/thumb/v7e-m+fp/hard\libc_nano.a(libc_a-lock.o)
                0x0801c904                __retarget_lock_release_recursive
 .text.strcpy   0x0801c906       0x10 C:/ST/STM32CubeIDE_1.18.0/STM32CubeIDE/plugins/com.st.stm32cube.ide.mcu.externaltools.gnu-tools-for-stm32.13.3.rel1.win32_1.0.0.202411081344/tools/bin/../lib/gcc/arm-none-eabi/13.3.1/../../../../arm-none-eabi/lib/thumb/v7e-m+fp/hard\libc_nano.a(libc_a-strcpy.o)
                0x0801c906                strcpy
 .text.memcpy   0x0801c916       0x1c C:/ST/STM32CubeIDE_1.18.0/STM32CubeIDE/plugins/com.st.stm32cube.ide.mcu.externaltools.gnu-tools-for-stm32.13.3.rel1.win32_1.0.0.202411081344/tools/bin/../lib/gcc/arm-none-eabi/13.3.1/../../../../arm-none-eabi/lib/thumb/v7e-m+fp/hard\libc_nano.a(libc_a-memcpy-stub.o)
                0x0801c916                memcpy
 *fill*         0x0801c932        0x6 
 .text.nan      0x0801c938       0x10 C:/ST/STM32CubeIDE_1.18.0/STM32CubeIDE/plugins/com.st.stm32cube.ide.mcu.externaltools.gnu-tools-for-stm32.13.3.rel1.win32_1.0.0.202411081344/tools/bin/../lib/gcc/arm-none-eabi/13.3.1/../../../../arm-none-eabi/lib/thumb/v7e-m+fp/hard\libc_nano.a(libm_a-s_nan.o)
                0x0801c938                nan
 .text.nanf     0x0801c948        0xc C:/ST/STM32CubeIDE_1.18.0/STM32CubeIDE/plugins/com.st.stm32cube.ide.mcu.externaltools.gnu-tools-for-stm32.13.3.rel1.win32_1.0.0.202411081344/tools/bin/../lib/gcc/arm-none-eabi/13.3.1/../../../../arm-none-eabi/lib/thumb/v7e-m+fp/hard\libc_nano.a(libm_a-sf_nan.o)
                0x0801c948                nanf
 .text.modf     0x0801c954       0xa4 C:/ST/STM32CubeIDE_1.18.0/STM32CubeIDE/plugins/com.st.stm32cube.ide.mcu.externaltools.gnu-tools-for-stm32.13.3.rel1.win32_1.0.0.202411081344/tools/bin/../lib/gcc/arm-none-eabi/13.3.1/../../../../arm-none-eabi/lib/thumb/v7e-m+fp/hard\libc_nano.a(libm_a-s_modf.o)
                0x0801c954                modf
 .text.__assert_func
                0x0801c9f8       0x3c C:/ST/STM32CubeIDE_1.18.0/STM32CubeIDE/plugins/com.st.stm32cube.ide.mcu.externaltools.gnu-tools-for-stm32.13.3.rel1.win32_1.0.0.202411081344/tools/bin/../lib/gcc/arm-none-eabi/13.3.1/../../../../arm-none-eabi/lib/thumb/v7e-m+fp/hard\libc_nano.a(libc_a-assert.o)
                0x0801c9f8                __assert_func
 .text.div      0x0801ca34       0x10 C:/ST/STM32CubeIDE_1.18.0/STM32CubeIDE/plugins/com.st.stm32cube.ide.mcu.externaltools.gnu-tools-for-stm32.13.3.rel1.win32_1.0.0.202411081344/tools/bin/../lib/gcc/arm-none-eabi/13.3.1/../../../../arm-none-eabi/lib/thumb/v7e-m+fp/hard\libc_nano.a(libc_a-div.o)
                0x0801ca34                div
 .text.quorem   0x0801ca44      0x110 C:/ST/STM32CubeIDE_1.18.0/STM32CubeIDE/plugins/com.st.stm32cube.ide.mcu.externaltools.gnu-tools-for-stm32.13.3.rel1.win32_1.0.0.202411081344/tools/bin/../lib/gcc/arm-none-eabi/13.3.1/../../../../arm-none-eabi/lib/thumb/v7e-m+fp/hard\libc_nano.a(libc_a-dtoa.o)
 *fill*         0x0801cb54        0x4 
 .text._dtoa_r  0x0801cb58      0xba0 C:/ST/STM32CubeIDE_1.18.0/STM32CubeIDE/plugins/com.st.stm32cube.ide.mcu.externaltools.gnu-tools-for-stm32.13.3.rel1.win32_1.0.0.202411081344/tools/bin/../lib/gcc/arm-none-eabi/13.3.1/../../../../arm-none-eabi/lib/thumb/v7e-m+fp/hard\libc_nano.a(libc_a-dtoa.o)
                0x0801cb58                _dtoa_r
 .text._free_r  0x0801d6f8       0x94 C:/ST/STM32CubeIDE_1.18.0/STM32CubeIDE/plugins/com.st.stm32cube.ide.mcu.externaltools.gnu-tools-for-stm32.13.3.rel1.win32_1.0.0.202411081344/tools/bin/../lib/gcc/arm-none-eabi/13.3.1/../../../../arm-none-eabi/lib/thumb/v7e-m+fp/hard\libc_nano.a(libc_a-freer.o)
                0x0801d6f8                _free_r
 .text.rshift   0x0801d78c       0xa4 C:/ST/STM32CubeIDE_1.18.0/STM32CubeIDE/plugins/com.st.stm32cube.ide.mcu.externaltools.gnu-tools-for-stm32.13.3.rel1.win32_1.0.0.202411081344/tools/bin/../lib/gcc/arm-none-eabi/13.3.1/../../../../arm-none-eabi/lib/thumb/v7e-m+fp/hard\libc_nano.a(libc_a-gdtoa-gethex.o)
 .text.__hexdig_fun
                0x0801d830       0x2a C:/ST/STM32CubeIDE_1.18.0/STM32CubeIDE/plugins/com.st.stm32cube.ide.mcu.externaltools.gnu-tools-for-stm32.13.3.rel1.win32_1.0.0.202411081344/tools/bin/../lib/gcc/arm-none-eabi/13.3.1/../../../../arm-none-eabi/lib/thumb/v7e-m+fp/hard\libc_nano.a(libc_a-gdtoa-gethex.o)
                0x0801d830                __hexdig_fun
 *fill*         0x0801d85a        0x2 
 .text.__gethex
                0x0801d85c      0x420 C:/ST/STM32CubeIDE_1.18.0/STM32CubeIDE/plugins/com.st.stm32cube.ide.mcu.externaltools.gnu-tools-for-stm32.13.3.rel1.win32_1.0.0.202411081344/tools/bin/../lib/gcc/arm-none-eabi/13.3.1/../../../../arm-none-eabi/lib/thumb/v7e-m+fp/hard\libc_nano.a(libc_a-gdtoa-gethex.o)
                0x0801d85c                __gethex
 .text.L_shift  0x0801dc7c       0x24 C:/ST/STM32CubeIDE_1.18.0/STM32CubeIDE/plugins/com.st.stm32cube.ide.mcu.externaltools.gnu-tools-for-stm32.13.3.rel1.win32_1.0.0.202411081344/tools/bin/../lib/gcc/arm-none-eabi/13.3.1/../../../../arm-none-eabi/lib/thumb/v7e-m+fp/hard\libc_nano.a(libc_a-gdtoa-hexnan.o)
 .text.__match  0x0801dca0       0x28 C:/ST/STM32CubeIDE_1.18.0/STM32CubeIDE/plugins/com.st.stm32cube.ide.mcu.externaltools.gnu-tools-for-stm32.13.3.rel1.win32_1.0.0.202411081344/tools/bin/../lib/gcc/arm-none-eabi/13.3.1/../../../../arm-none-eabi/lib/thumb/v7e-m+fp/hard\libc_nano.a(libc_a-gdtoa-hexnan.o)
                0x0801dca0                __match
 .text.__hexnan
                0x0801dcc8      0x136 C:/ST/STM32CubeIDE_1.18.0/STM32CubeIDE/plugins/com.st.stm32cube.ide.mcu.externaltools.gnu-tools-for-stm32.13.3.rel1.win32_1.0.0.202411081344/tools/bin/../lib/gcc/arm-none-eabi/13.3.1/../../../../arm-none-eabi/lib/thumb/v7e-m+fp/hard\libc_nano.a(libc_a-gdtoa-hexnan.o)
                0x0801dcc8                __hexnan
 *fill*         0x0801ddfe        0x2 
 .text._findenv_r
                0x0801de00       0x78 C:/ST/STM32CubeIDE_1.18.0/STM32CubeIDE/plugins/com.st.stm32cube.ide.mcu.externaltools.gnu-tools-for-stm32.13.3.rel1.win32_1.0.0.202411081344/tools/bin/../lib/gcc/arm-none-eabi/13.3.1/../../../../arm-none-eabi/lib/thumb/v7e-m+fp/hard\libc_nano.a(libc_a-getenv_r.o)
                0x0801de00                _findenv_r
 .text._getenv_r
                0x0801de78        0xe C:/ST/STM32CubeIDE_1.18.0/STM32CubeIDE/plugins/com.st.stm32cube.ide.mcu.externaltools.gnu-tools-for-stm32.13.3.rel1.win32_1.0.0.202411081344/tools/bin/../lib/gcc/arm-none-eabi/13.3.1/../../../../arm-none-eabi/lib/thumb/v7e-m+fp/hard\libc_nano.a(libc_a-getenv_r.o)
                0x0801de78                _getenv_r
 .text.__ascii_mbtowc
                0x0801de86       0x24 C:/ST/STM32CubeIDE_1.18.0/STM32CubeIDE/plugins/com.st.stm32cube.ide.mcu.externaltools.gnu-tools-for-stm32.13.3.rel1.win32_1.0.0.202411081344/tools/bin/../lib/gcc/arm-none-eabi/13.3.1/../../../../arm-none-eabi/lib/thumb/v7e-m+fp/hard\libc_nano.a(libc_a-mbtowc_r.o)
                0x0801de86                __ascii_mbtowc
 *fill*         0x0801deaa        0x2 
 .text._Balloc  0x0801deac       0x80 C:/ST/STM32CubeIDE_1.18.0/STM32CubeIDE/plugins/com.st.stm32cube.ide.mcu.externaltools.gnu-tools-for-stm32.13.3.rel1.win32_1.0.0.202411081344/tools/bin/../lib/gcc/arm-none-eabi/13.3.1/../../../../arm-none-eabi/lib/thumb/v7e-m+fp/hard\libc_nano.a(libc_a-mprec.o)
                0x0801deac                _Balloc
 .text._Bfree   0x0801df2c       0x44 C:/ST/STM32CubeIDE_1.18.0/STM32CubeIDE/plugins/com.st.stm32cube.ide.mcu.externaltools.gnu-tools-for-stm32.13.3.rel1.win32_1.0.0.202411081344/tools/bin/../lib/gcc/arm-none-eabi/13.3.1/../../../../arm-none-eabi/lib/thumb/v7e-m+fp/hard\libc_nano.a(libc_a-mprec.o)
                0x0801df2c                _Bfree
 .text.__multadd
                0x0801df70       0x8c C:/ST/STM32CubeIDE_1.18.0/STM32CubeIDE/plugins/com.st.stm32cube.ide.mcu.externaltools.gnu-tools-for-stm32.13.3.rel1.win32_1.0.0.202411081344/tools/bin/../lib/gcc/arm-none-eabi/13.3.1/../../../../arm-none-eabi/lib/thumb/v7e-m+fp/hard\libc_nano.a(libc_a-mprec.o)
                0x0801df70                __multadd
 .text.__s2b    0x0801dffc       0x94 C:/ST/STM32CubeIDE_1.18.0/STM32CubeIDE/plugins/com.st.stm32cube.ide.mcu.externaltools.gnu-tools-for-stm32.13.3.rel1.win32_1.0.0.202411081344/tools/bin/../lib/gcc/arm-none-eabi/13.3.1/../../../../arm-none-eabi/lib/thumb/v7e-m+fp/hard\libc_nano.a(libc_a-mprec.o)
                0x0801dffc                __s2b
 .text.__hi0bits