../Core/Src/ihm.c:104:6:UpperCase	24	static
../Core/Src/ihm.c:112:6:Start_IHM_Task	16	static
../Core/Src/ihm.c:141:6:HAL_UART_RxCpltCallback	24	static
../Core/Src/ihm.c:241:6:MainMenu	64	static
../Core/Src/ihm.c:282:6:tokenization	32	static
../Core/Src/ihm.c:292:6:ParseCommand	16	static
../Core/Src/ihm.c:318:6:LoraMenu	24	static
../Core/Src/ihm.c:331:6:SetSF_f	24	static
../Core/Src/ihm.c:372:6:GetSF_f	16	static
../Core/Src/ihm.c:378:6:SetCR_f	48	static
../Core/Src/ihm.c:397:6:GetCR_f	16	static
../Core/Src/ihm.c:403:6:SetBW_f	32	static
../Core/Src/ihm.c:422:6:GetBW_f	16	static
../Core/Src/ihm.c:432:6:GPSMenu	24	static
../Core/Src/ihm.c:444:6:SetLocalTimeOffset_f	24	static
../Core/Src/ihm.c:464:6:GetLocalTimeOffset_f	16	static
../Core/Src/ihm.c:471:6:GetAltGPS_f	16	static
../Core/Src/ihm.c:476:6:GetLatGPS_f	16	static
../Core/Src/ihm.c:481:6:GetLongGPS_f	16	static
../Core/Src/ihm.c:506:6:GetTimeGPS_f	24	static
../Core/Src/ihm.c:514:6:SensorsMenu	24	static
../Core/Src/ihm.c:527:6:GetSoilTemp_f	16	static
../Core/Src/ihm.c:533:6:GetAirTemp_f	16	static
../Core/Src/ihm.c:539:6:GetRelativeHumidity_f	16	static
../Core/Src/ihm.c:545:6:GetSoilHumidity_f	16	static
../Core/Src/ihm.c:551:6:GetWindSpeed_f	16	static
../Core/Src/ihm.c:556:6:SetRadiation_f	24	static
../Core/Src/ihm.c:574:6:GetRadiation_f	32	static
../Core/Src/ihm.c:579:6:SetKc_f	24	static
../Core/Src/ihm.c:597:6:GetKc_f	32	static
../Core/Src/ihm.c:602:6:SetKp_f	24	static
../Core/Src/ihm.c:620:6:GetKp_f	32	static
../Core/Src/ihm.c:625:6:SetET0_f	24	static
../Core/Src/ihm.c:643:6:GetET0_f	32	static
../Core/Src/ihm.c:649:6:SetETC_f	24	static
../Core/Src/ihm.c:665:6:GetETC_f	32	static
../Core/Src/ihm.c:671:6:SetETCadj_f	24	static
../Core/Src/ihm.c:687:6:GetETCadj_f	32	static
../Core/Src/ihm.c:693:6:SetAirPressure_f	24	static
../Core/Src/ihm.c:709:6:GetAirPressure_f	32	static
../Core/Src/ihm.c:715:6:SetHeigh_f	24	static
../Core/Src/ihm.c:731:6:GetHeigh_f	32	static
../Core/Src/ihm.c:737:6:SysConfigMenu	24	static
../Core/Src/ihm.c:750:6:Save_f	16	static
../Core/Src/ihm.c:814:6:Restore_f	16	static
