../Core/Src/ihm.c:105:6:UpperCase	24	static
../Core/Src/ihm.c:113:6:Start_IHM_Task	16	static
../Core/Src/ihm.c:142:6:HAL_UART_RxCpltCallback	24	static
../Core/Src/ihm.c:243:6:MainMenu	16	static
../Core/Src/ihm.c:258:6:tokenization	32	static
../Core/Src/ihm.c:268:6:ParseCommand	16	static
../Core/Src/ihm.c:294:6:LoraMenu	24	static
../Core/Src/ihm.c:307:6:SetSF_f	24	static
../Core/Src/ihm.c:348:6:GetSF_f	16	static
../Core/Src/ihm.c:354:6:SetCR_f	48	static
../Core/Src/ihm.c:373:6:GetCR_f	16	static
../Core/Src/ihm.c:379:6:SetBW_f	32	static
../Core/Src/ihm.c:398:6:GetBW_f	16	static
../Core/Src/ihm.c:408:6:GPSMenu	24	static
../Core/Src/ihm.c:420:6:SetLocalTimeOffset_f	24	static
../Core/Src/ihm.c:440:6:GetLocalTimeOffset_f	16	static
../Core/Src/ihm.c:447:6:GetAltGPS_f	16	static
../Core/Src/ihm.c:452:6:GetLatGPS_f	16	static
../Core/Src/ihm.c:457:6:GetLongGPS_f	16	static
../Core/Src/ihm.c:482:6:GetTimeGPS_f	24	static
../Core/Src/ihm.c:495:6:SensorsMenu	24	static
../Core/Src/ihm.c:508:6:GetSoilTemp_f	16	static
../Core/Src/ihm.c:514:6:GetAirTemp_f	16	static
../Core/Src/ihm.c:520:6:GetRelativeHumidity_f	16	static
../Core/Src/ihm.c:526:6:GetSoilHumidity_f	16	static
../Core/Src/ihm.c:532:6:GetWindSpeed_f	16	static
../Core/Src/ihm.c:537:6:SetRadiation_f	24	static
../Core/Src/ihm.c:555:6:GetRadiation_f	32	static
../Core/Src/ihm.c:560:6:SetKc_f	24	static
../Core/Src/ihm.c:578:6:GetKc_f	32	static
../Core/Src/ihm.c:583:6:SetKp_f	24	static
../Core/Src/ihm.c:601:6:GetKp_f	32	static
../Core/Src/ihm.c:606:6:SetET0_f	24	static
../Core/Src/ihm.c:624:6:GetET0_f	32	static
../Core/Src/ihm.c:630:6:SetETC_f	24	static
../Core/Src/ihm.c:646:6:GetETC_f	32	static
../Core/Src/ihm.c:652:6:SetETCadj_f	24	static
../Core/Src/ihm.c:668:6:GetETCadj_f	32	static
../Core/Src/ihm.c:674:6:SetAirPressure_f	24	static
../Core/Src/ihm.c:690:6:GetAirPressure_f	32	static
../Core/Src/ihm.c:696:6:SetHeigh_f	24	static
../Core/Src/ihm.c:712:6:GetHeigh_f	32	static
../Core/Src/ihm.c:718:6:SysConfigMenu	24	static
../Core/Src/ihm.c:731:6:Save_f	16	static
../Core/Src/ihm.c:795:6:Restore_f	16	static
