../Core/Src/stm32l4xx_it.c:79:6:NMI_Handler	4	static
../Core/Src/stm32l4xx_it.c:94:6:HardFault_Handler	4	static
../Core/Src/stm32l4xx_it.c:109:6:MemManage_Handler	4	static
../Core/Src/stm32l4xx_it.c:124:6:BusFault_Handler	4	static
../Core/Src/stm32l4xx_it.c:139:6:UsageFault_Handler	4	static
../Core/Src/stm32l4xx_it.c:154:6:DebugMon_Handler	4	static
../Core/Src/stm32l4xx_it.c:174:6:EXTI1_IRQHandler	8	static
../Core/Src/stm32l4xx_it.c:188:6:TIM2_IRQHandler	8	static
../Core/Src/stm32l4xx_it.c:202:6:TIM4_IRQHandler	8	static
../Core/Src/stm32l4xx_it.c:216:6:I2C2_EV_IRQHandler	8	static
../Core/Src/stm32l4xx_it.c:230:6:I2C2_ER_IRQHandler	8	static
../Core/Src/stm32l4xx_it.c:244:6:USART1_IRQHandler	8	static
../Core/Src/stm32l4xx_it.c:258:6:USART2_IRQHandler	8	static
../Core/Src/stm32l4xx_it.c:274:6:TIM6_DAC_IRQHandler	8	static
